#
# There is insufficient memory for the Java Runtime Environment to continue.
# Native memory allocation (malloc) failed to allocate 198256 bytes for Chunk::new
# Possible reasons:
#   The system is out of physical RAM or swap space
#   The process is running with CompressedOops enabled, and the Java Heap may be blocking the growth of the native heap
# Possible solutions:
#   Reduce memory load on the system
#   Increase physical memory or swap space
#   Check if swap backing store is full
#   Decrease Java heap size (-Xmx/-Xms)
#   Decrease number of Java threads
#   Decrease Java thread stack sizes (-Xss)
#   Set larger code cache with -XX:ReservedCodeCacheSize=
#   JVM is running with Zero Based Compressed Oops mode in which the Java heap is
#     placed in the first 32GB address space. The Java Heap base address is the
#     maximum limit for the native heap growth. Please use -XX:HeapBaseMinAddress
#     to set the Java Heap base and to place the Java Heap above 32GB virtual address.
# This output file may be truncated or incomplete.
#
#  Out of Memory Error (arena.cpp:168), pid=19816, tid=9712
#
# JRE version: Java(TM) SE Runtime Environment (21.0.9+7) (build 21.0.9+7-LTS-338)
# Java VM: Java HotSpot(TM) 64-Bit Server VM (21.0.9+7-LTS-338, mixed mode, sharing, tiered, compressed oops, compressed class ptrs, g1 gc, windows-amd64)
# No core dump will be written. Minidumps are not enabled by default on client versions of Windows
#

---------------  S U M M A R Y ------------

Command Line: -javaagent:D:\IntelliJ IDEA 2025.2.3\lib\idea_rt.jar=1279 -Dfile.encoding=UTF-8 -Dsun.stdout.encoding=UTF-8 -Dsun.stderr.encoding=UTF-8 CGTest

Host: 11th Gen Intel(R) Core(TM) i5-1130G7 @ 1.10GHz, 8 cores, 15G,  Windows 11 , 64 bit Build 26100 (10.0.26100.7309)
Time: Mon Jan 12 13:08:29 2026 elapsed time: 112.423928 seconds (0d 0h 1m 52s)

---------------  T H R E A D  ---------------

Current thread (0x000002247a6dfda0):  JavaThread "C2 CompilerThread1" daemon [_thread_in_native, id=9712, stack(0x0000004c40d00000,0x0000004c40e00000) (1024K)]


Current CompileTask:
C2: 112424 4042       4       java.util.TimSort::binarySort (223 bytes)

Stack: [0x0000004c40d00000,0x0000004c40e00000]
Native frames: (J=compiled Java code, j=interpreted, Vv=VM code, C=native code)
V  [jvm.dll+0x6cbf89]
V  [jvm.dll+0x858421]
V  [jvm.dll+0x85a94e]
V  [jvm.dll+0x85b023]
V  [jvm.dll+0x27ebc6]
V  [jvm.dll+0xc4f4d]
V  [jvm.dll+0xc5483]
V  [jvm.dll+0x2f1f8d]
V  [jvm.dll+0x5f6cea]
V  [jvm.dll+0x2506d2]
V  [jvm.dll+0x250a8f]
V  [jvm.dll+0x2495ac]
V  [jvm.dll+0x246b14]
V  [jvm.dll+0x1c7a3e]
V  [jvm.dll+0x256329]
V  [jvm.dll+0x2548ba]
V  [jvm.dll+0x3efdee]
V  [jvm.dll+0x80265b]
V  [jvm.dll+0x6ca66d]
C  [ucrtbase.dll+0x37b0]
C  [KERNEL32.DLL+0x2e8d7]
C  [ntdll.dll+0x8c53c]


---------------  P R O C E S S  ---------------

Threads class SMR info:
_java_thread_list=0x0000022450372860, length=11, elements={
0x000002247a6b2330, 0x000002247a6b4fa0, 0x000002247a6bd580, 0x000002247a6c1310,
0x000002247a6c2a20, 0x000002247a6d23e0, 0x000002247a6df000, 0x000002247a6c3740,
0x000002247a6c30b0, 0x000002247a6c5ea0, 0x000002247a6dfda0
}

Java Threads: ( => current thread )
  0x000002247a6b2330 JavaThread "Reference Handler"          daemon [_thread_blocked, id=19908, stack(0x0000004c41700000,0x0000004c41800000) (1024K)]
  0x000002247a6b4fa0 JavaThread "Finalizer"                  daemon [_thread_blocked, id=22716, stack(0x0000004c41800000,0x0000004c41900000) (1024K)]
  0x000002247a6bd580 JavaThread "Attach Listener"            daemon [_thread_blocked, id=23108, stack(0x0000004c41a00000,0x0000004c41b00000) (1024K)]
  0x000002247a6c1310 JavaThread "Service Thread"             daemon [_thread_blocked, id=21320, stack(0x0000004c41b00000,0x0000004c41c00000) (1024K)]
  0x000002247a6c2a20 JavaThread "Monitor Deflation Thread"   daemon [_thread_blocked, id=1240, stack(0x0000004c41c00000,0x0000004c41d00000) (1024K)]
  0x000002247a6d23e0 JavaThread "C2 CompilerThread0"         daemon [_thread_blocked, id=19272, stack(0x0000004c41d00000,0x0000004c41e00000) (1024K)]
  0x000002247a6df000 JavaThread "C1 CompilerThread0"         daemon [_thread_blocked, id=1864, stack(0x0000004c41e00000,0x0000004c41f00000) (1024K)]
  0x000002247a6c3740 JavaThread "Common-Cleaner"             daemon [_thread_blocked, id=15040, stack(0x0000004c41f00000,0x0000004c42000000) (1024K)]
  0x000002247a6c30b0 JavaThread "Monitor Ctrl-Break"         daemon [_thread_in_native, id=19132, stack(0x0000004c42100000,0x0000004c42200000) (1024K)]
  0x000002247a6c5ea0 JavaThread "Notification Thread"        daemon [_thread_blocked, id=23420, stack(0x0000004c42200000,0x0000004c42300000) (1024K)]
=>0x000002247a6dfda0 JavaThread "C2 CompilerThread1"         daemon [_thread_in_native, id=9712, stack(0x0000004c40d00000,0x0000004c40e00000) (1024K)]
Total: 11

Other Threads:
  0x000002247a695f00 VMThread "VM Thread"                           [id=9748, stack(0x0000004c41600000,0x0000004c41700000) (1024K)] _threads_hazard_ptr=0x0000022450372860
  0x000002246a5ed450 WorkerThread "GC Thread#0"                     [id=9588, stack(0x0000004c41000000,0x0000004c41100000) (1024K)]
  0x000002247f6a8b00 WorkerThread "GC Thread#1"                     [id=1148, stack(0x0000004c42400000,0x0000004c42500000) (1024K)]
  0x00000224503bf280 WorkerThread "GC Thread#2"                     [id=3696, stack(0x0000004c42500000,0x0000004c42600000) (1024K)]
  0x0000022450228400 WorkerThread "GC Thread#3"                     [id=2804, stack(0x0000004c42600000,0x0000004c42700000) (1024K)]
  0x000002247f6ae000 WorkerThread "GC Thread#4"                     [id=23016, stack(0x0000004c42700000,0x0000004c42800000) (1024K)]
  0x00000224500effb0 WorkerThread "GC Thread#5"                     [id=10488, stack(0x0000004c42800000,0x0000004c42900000) (1024K)]
  0x000002247f602c00 WorkerThread "GC Thread#6"                     [id=8312, stack(0x0000004c42900000,0x0000004c42a00000) (1024K)]
  0x000002247f796e90 WorkerThread "GC Thread#7"                     [id=2392, stack(0x0000004c42a00000,0x0000004c42b00000) (1024K)]
  0x000002246a5fef50 ConcurrentGCThread "G1 Main Marker"            terminated
  0x000002246a5ffa60 WorkerThread "G1 Conc#0"                       [id=20424, stack(0x0000004c41200000,0x0000004c41300000) (1024K)]
  0x00000224682ecd80 WorkerThread "G1 Conc#1"                       [id=19188, stack(0x0000004c40c00000,0x0000004c40d00000) (1024K)]
  0x000002247a54f160 ConcurrentGCThread "G1 Refine#0"               terminated
  0x000002247a54fb80 ConcurrentGCThread "G1 Service"                terminated
Total: 14

Threads with active compile tasks:
C2 CompilerThread0   112452 4041       4       java.util.TimSort::mergeHi (732 bytes)
C2 CompilerThread1   112453 4042       4       java.util.TimSort::binarySort (223 bytes)
Total: 2

VM state: at safepoint (normal execution)

VM Mutex/Monitor currently owned by a thread:  ([mutex/lock_event])
[0x00007ff9aa6b0df0] Threads_lock - owner thread: 0x000002247a695f00
[0x00007ff9aa6b0ef0] Heap_lock - owner thread: 0x00000224503ff810

Heap address: 0x0000000703600000, size: 4042 MB, Compressed Oops mode: Zero based, Oop shift amount: 3

CDS archive(s) mapped at: [0x000002240f000000-0x000002240fc90000-0x000002240fc90000), size 13172736, SharedBaseAddress: 0x000002240f000000, ArchiveRelocationMode: 1.
Compressed class space mapped at: 0x0000022410000000-0x0000022450000000, reserved size: 1073741824
Narrow klass base: 0x000002240f000000, Narrow klass shift: 0, Narrow klass range: 0x100000000

GC Precious Log:
 CardTable entry size: 512
 Card Set container configuration: InlinePtr #cards 4 size 8 Array Of Cards #cards 16 size 48 Howl #buckets 8 coarsen threshold 3686 Howl Bitmap #cards 512 size 80 coarsen threshold 460 Card regions per heap region 1 cards per card region 4096
 CPUs: 8 total, 8 available
 Memory: 16167M
 Large Page Support: Disabled
 NUMA Support: Disabled
 Compressed Oops: Enabled (Zero based)
 Heap Region Size: 2M
 Heap Min Capacity: 8M
 Heap Initial Capacity: 254M
 Heap Max Capacity: 4042M
 Pre-touch: Disabled
 Parallel Workers: 8
 Concurrent Workers: 2
 Concurrent Refinement Workers: 8
 Periodic GC: Disabled

Heap:
 garbage-first heap   total 778240K, used 703021K [0x0000000703600000, 0x0000000800000000)
  region size 2048K, 143 young (292864K), 6 survivors (12288K)
 Metaspace       used 19550K, committed 19904K, reserved 1114112K
  class space    used 2161K, committed 2368K, reserved 1048576K

Heap Regions: E=young(eden), S=young(survivor), O=old, HS=humongous(starts), HC=humongous(continues), CS=collection set, F=free, TAMS=top-at-mark-start, PB=parsable bottom
|   0|0x0000000703600000, 0x0000000703800000, 0x0000000703800000|100%| O|  |TAMS 0x0000000703600000| PB 0x0000000703600000| Untracked 
|   1|0x0000000703800000, 0x0000000703a00000, 0x0000000703a00000|100%| O|  |TAMS 0x0000000703800000| PB 0x0000000703800000| Untracked 
|   2|0x0000000703a00000, 0x0000000703c00000, 0x0000000703c00000|100%| O|  |TAMS 0x0000000703a00000| PB 0x0000000703a00000| Untracked 
|   3|0x0000000703c00000, 0x0000000703e00000, 0x0000000703e00000|100%| O|  |TAMS 0x0000000703c00000| PB 0x0000000703c00000| Untracked 
|   4|0x0000000703e00000, 0x0000000704000000, 0x0000000704000000|100%| O|  |TAMS 0x0000000703e00000| PB 0x0000000703e00000| Untracked 
|   5|0x0000000704000000, 0x0000000704200000, 0x0000000704200000|100%| O|  |TAMS 0x0000000704000000| PB 0x0000000704000000| Untracked 
|   6|0x0000000704200000, 0x0000000704400000, 0x0000000704400000|100%| O|  |TAMS 0x0000000704200000| PB 0x0000000704200000| Untracked 
|   7|0x0000000704400000, 0x0000000704600000, 0x0000000704600000|100%| O|  |TAMS 0x0000000704400000| PB 0x0000000704400000| Untracked 
|   8|0x0000000704600000, 0x0000000704800000, 0x0000000704800000|100%| O|  |TAMS 0x0000000704600000| PB 0x0000000704600000| Untracked 
|   9|0x0000000704800000, 0x0000000704a00000, 0x0000000704a00000|100%| O|  |TAMS 0x0000000704800000| PB 0x0000000704800000| Untracked 
|  10|0x0000000704a00000, 0x0000000704c00000, 0x0000000704c00000|100%| O|  |TAMS 0x0000000704a00000| PB 0x0000000704a00000| Untracked 
|  11|0x0000000704c00000, 0x0000000704e00000, 0x0000000704e00000|100%| O|  |TAMS 0x0000000704c00000| PB 0x0000000704c00000| Untracked 
|  12|0x0000000704e00000, 0x0000000705000000, 0x0000000705000000|100%| O|  |TAMS 0x0000000704e00000| PB 0x0000000704e00000| Untracked 
|  13|0x0000000705000000, 0x0000000705200000, 0x0000000705200000|100%| O|  |TAMS 0x0000000705000000| PB 0x0000000705000000| Untracked 
|  14|0x0000000705200000, 0x0000000705400000, 0x0000000705400000|100%| O|  |TAMS 0x0000000705200000| PB 0x0000000705200000| Untracked 
|  15|0x0000000705400000, 0x0000000705600000, 0x0000000705600000|100%| O|  |TAMS 0x0000000705400000| PB 0x0000000705400000| Untracked 
|  16|0x0000000705600000, 0x0000000705800000, 0x0000000705800000|100%| O|  |TAMS 0x0000000705600000| PB 0x0000000705600000| Untracked 
|  17|0x0000000705800000, 0x0000000705a00000, 0x0000000705a00000|100%| O|  |TAMS 0x0000000705800000| PB 0x0000000705800000| Untracked 
|  18|0x0000000705a00000, 0x0000000705c00000, 0x0000000705c00000|100%| O|  |TAMS 0x0000000705a00000| PB 0x0000000705a00000| Untracked 
|  19|0x0000000705c00000, 0x0000000705e00000, 0x0000000705e00000|100%| O|  |TAMS 0x0000000705c00000| PB 0x0000000705c00000| Untracked 
|  20|0x0000000705e00000, 0x0000000706000000, 0x0000000706000000|100%| O|Cm|TAMS 0x0000000705e00000| PB 0x0000000705e00000| Complete 
|  21|0x0000000706000000, 0x0000000706200000, 0x0000000706200000|100%| O|  |TAMS 0x0000000706000000| PB 0x0000000706000000| Untracked 
|  22|0x0000000706200000, 0x0000000706400000, 0x0000000706400000|100%| O|  |TAMS 0x0000000706200000| PB 0x0000000706200000| Untracked 
|  23|0x0000000706400000, 0x0000000706600000, 0x0000000706600000|100%| O|  |TAMS 0x0000000706400000| PB 0x0000000706400000| Untracked 
|  24|0x0000000706600000, 0x0000000706800000, 0x0000000706800000|100%| O|  |TAMS 0x0000000706600000| PB 0x0000000706600000| Untracked 
|  25|0x0000000706800000, 0x0000000706a00000, 0x0000000706a00000|100%| O|  |TAMS 0x0000000706800000| PB 0x0000000706800000| Untracked 
|  26|0x0000000706a00000, 0x0000000706c00000, 0x0000000706c00000|100%| O|  |TAMS 0x0000000706a00000| PB 0x0000000706a00000| Untracked 
|  27|0x0000000706c00000, 0x0000000706e00000, 0x0000000706e00000|100%| O|  |TAMS 0x0000000706c00000| PB 0x0000000706c00000| Untracked 
|  28|0x0000000706e00000, 0x0000000707000000, 0x0000000707000000|100%| O|  |TAMS 0x0000000706e00000| PB 0x0000000706e00000| Untracked 
|  29|0x0000000707000000, 0x0000000707200000, 0x0000000707200000|100%| O|  |TAMS 0x0000000707000000| PB 0x0000000707000000| Untracked 
|  30|0x0000000707200000, 0x0000000707400000, 0x0000000707400000|100%| O|  |TAMS 0x0000000707200000| PB 0x0000000707200000| Untracked 
|  31|0x0000000707400000, 0x0000000707600000, 0x0000000707600000|100%| O|  |TAMS 0x0000000707400000| PB 0x0000000707400000| Untracked 
|  32|0x0000000707600000, 0x0000000707800000, 0x0000000707800000|100%| O|  |TAMS 0x0000000707600000| PB 0x0000000707600000| Untracked 
|  33|0x0000000707800000, 0x0000000707a00000, 0x0000000707a00000|100%| O|  |TAMS 0x0000000707800000| PB 0x0000000707800000| Untracked 
|  34|0x0000000707a00000, 0x0000000707c00000, 0x0000000707c00000|100%| O|  |TAMS 0x0000000707a00000| PB 0x0000000707a00000| Untracked 
|  35|0x0000000707c00000, 0x0000000707e00000, 0x0000000707e00000|100%| O|  |TAMS 0x0000000707c00000| PB 0x0000000707c00000| Untracked 
|  36|0x0000000707e00000, 0x0000000708000000, 0x0000000708000000|100%| O|  |TAMS 0x0000000707e00000| PB 0x0000000707e00000| Untracked 
|  37|0x0000000708000000, 0x0000000708200000, 0x0000000708200000|100%| O|  |TAMS 0x0000000708000000| PB 0x0000000708000000| Untracked 
|  38|0x0000000708200000, 0x0000000708400000, 0x0000000708400000|100%| O|  |TAMS 0x0000000708200000| PB 0x0000000708200000| Untracked 
|  39|0x0000000708400000, 0x0000000708600000, 0x0000000708600000|100%| O|  |TAMS 0x0000000708400000| PB 0x0000000708400000| Untracked 
|  40|0x0000000708600000, 0x0000000708800000, 0x0000000708800000|100%| O|Cm|TAMS 0x0000000708600000| PB 0x0000000708600000| Complete 
|  41|0x0000000708800000, 0x0000000708a00000, 0x0000000708a00000|100%| O|  |TAMS 0x0000000708800000| PB 0x0000000708800000| Untracked 
|  42|0x0000000708a00000, 0x0000000708c00000, 0x0000000708c00000|100%| O|  |TAMS 0x0000000708a00000| PB 0x0000000708a00000| Untracked 
|  43|0x0000000708c00000, 0x0000000708e00000, 0x0000000708e00000|100%| O|  |TAMS 0x0000000708c00000| PB 0x0000000708c00000| Untracked 
|  44|0x0000000708e00000, 0x0000000709000000, 0x0000000709000000|100%| O|  |TAMS 0x0000000708e00000| PB 0x0000000708e00000| Untracked 
|  45|0x0000000709000000, 0x0000000709200000, 0x0000000709200000|100%| O|  |TAMS 0x0000000709000000| PB 0x0000000709000000| Untracked 
|  46|0x0000000709200000, 0x0000000709400000, 0x0000000709400000|100%| O|  |TAMS 0x0000000709200000| PB 0x0000000709200000| Untracked 
|  47|0x0000000709400000, 0x0000000709600000, 0x0000000709600000|100%| O|  |TAMS 0x0000000709400000| PB 0x0000000709400000| Untracked 
|  48|0x0000000709600000, 0x0000000709800000, 0x0000000709800000|100%| O|  |TAMS 0x0000000709600000| PB 0x0000000709600000| Untracked 
|  49|0x0000000709800000, 0x0000000709a00000, 0x0000000709a00000|100%| O|  |TAMS 0x0000000709800000| PB 0x0000000709800000| Untracked 
|  50|0x0000000709a00000, 0x0000000709c00000, 0x0000000709c00000|100%| O|  |TAMS 0x0000000709a00000| PB 0x0000000709a00000| Untracked 
|  51|0x0000000709c00000, 0x0000000709e00000, 0x0000000709e00000|100%| O|  |TAMS 0x0000000709c00000| PB 0x0000000709c00000| Untracked 
|  52|0x0000000709e00000, 0x000000070a000000, 0x000000070a000000|100%| O|  |TAMS 0x0000000709e00000| PB 0x0000000709e00000| Untracked 
|  53|0x000000070a000000, 0x000000070a200000, 0x000000070a200000|100%| O|  |TAMS 0x000000070a000000| PB 0x000000070a000000| Untracked 
|  54|0x000000070a200000, 0x000000070a400000, 0x000000070a400000|100%| O|  |TAMS 0x000000070a200000| PB 0x000000070a200000| Untracked 
|  55|0x000000070a400000, 0x000000070a600000, 0x000000070a600000|100%| O|  |TAMS 0x000000070a400000| PB 0x000000070a400000| Untracked 
|  56|0x000000070a600000, 0x000000070a800000, 0x000000070a800000|100%| O|  |TAMS 0x000000070a600000| PB 0x000000070a600000| Untracked 
|  57|0x000000070a800000, 0x000000070aa00000, 0x000000070aa00000|100%| O|  |TAMS 0x000000070a800000| PB 0x000000070a800000| Untracked 
|  58|0x000000070aa00000, 0x000000070ac00000, 0x000000070ac00000|100%| O|  |TAMS 0x000000070aa00000| PB 0x000000070aa00000| Untracked 
|  59|0x000000070ac00000, 0x000000070ae00000, 0x000000070ae00000|100%| O|  |TAMS 0x000000070ac00000| PB 0x000000070ac00000| Untracked 
|  60|0x000000070ae00000, 0x000000070b000000, 0x000000070b000000|100%| O|  |TAMS 0x000000070ae00000| PB 0x000000070ae00000| Untracked 
|  61|0x000000070b000000, 0x000000070b200000, 0x000000070b200000|100%| O|  |TAMS 0x000000070b000000| PB 0x000000070b000000| Untracked 
|  62|0x000000070b200000, 0x000000070b400000, 0x000000070b400000|100%| O|  |TAMS 0x000000070b200000| PB 0x000000070b200000| Untracked 
|  63|0x000000070b400000, 0x000000070b600000, 0x000000070b600000|100%| O|  |TAMS 0x000000070b400000| PB 0x000000070b400000| Untracked 
|  64|0x000000070b600000, 0x000000070b800000, 0x000000070b800000|100%| O|  |TAMS 0x000000070b600000| PB 0x000000070b600000| Untracked 
|  65|0x000000070b800000, 0x000000070ba00000, 0x000000070ba00000|100%| O|  |TAMS 0x000000070b800000| PB 0x000000070b800000| Untracked 
|  66|0x000000070ba00000, 0x000000070bc00000, 0x000000070bc00000|100%| O|  |TAMS 0x000000070ba00000| PB 0x000000070ba00000| Untracked 
|  67|0x000000070bc00000, 0x000000070be00000, 0x000000070be00000|100%| O|  |TAMS 0x000000070bc00000| PB 0x000000070bc00000| Untracked 
|  68|0x000000070be00000, 0x000000070c000000, 0x000000070c000000|100%| O|  |TAMS 0x000000070be00000| PB 0x000000070be00000| Untracked 
|  69|0x000000070c000000, 0x000000070c200000, 0x000000070c200000|100%| O|  |TAMS 0x000000070c000000| PB 0x000000070c000000| Untracked 
|  70|0x000000070c200000, 0x000000070c400000, 0x000000070c400000|100%| O|  |TAMS 0x000000070c200000| PB 0x000000070c200000| Untracked 
|  71|0x000000070c400000, 0x000000070c600000, 0x000000070c600000|100%| O|  |TAMS 0x000000070c400000| PB 0x000000070c400000| Untracked 
|  72|0x000000070c600000, 0x000000070c800000, 0x000000070c800000|100%| O|  |TAMS 0x000000070c600000| PB 0x000000070c600000| Untracked 
|  73|0x000000070c800000, 0x000000070ca00000, 0x000000070ca00000|100%| O|  |TAMS 0x000000070c800000| PB 0x000000070c800000| Untracked 
|  74|0x000000070ca00000, 0x000000070cc00000, 0x000000070cc00000|100%| O|  |TAMS 0x000000070ca00000| PB 0x000000070ca00000| Untracked 
|  75|0x000000070cc00000, 0x000000070ce00000, 0x000000070ce00000|100%| O|  |TAMS 0x000000070cc00000| PB 0x000000070cc00000| Untracked 
|  76|0x000000070ce00000, 0x000000070d000000, 0x000000070d000000|100%| O|  |TAMS 0x000000070ce00000| PB 0x000000070ce00000| Untracked 
|  77|0x000000070d000000, 0x000000070d200000, 0x000000070d200000|100%| O|  |TAMS 0x000000070d000000| PB 0x000000070d000000| Untracked 
|  78|0x000000070d200000, 0x000000070d400000, 0x000000070d400000|100%| O|  |TAMS 0x000000070d200000| PB 0x000000070d200000| Untracked 
|  79|0x000000070d400000, 0x000000070d600000, 0x000000070d600000|100%| O|  |TAMS 0x000000070d400000| PB 0x000000070d400000| Untracked 
|  80|0x000000070d600000, 0x000000070d800000, 0x000000070d800000|100%| O|  |TAMS 0x000000070d600000| PB 0x000000070d600000| Untracked 
|  81|0x000000070d800000, 0x000000070da00000, 0x000000070da00000|100%| O|  |TAMS 0x000000070d800000| PB 0x000000070d800000| Untracked 
|  82|0x000000070da00000, 0x000000070dc00000, 0x000000070dc00000|100%| O|  |TAMS 0x000000070da00000| PB 0x000000070da00000| Untracked 
|  83|0x000000070dc00000, 0x000000070de00000, 0x000000070de00000|100%| O|  |TAMS 0x000000070dc00000| PB 0x000000070dc00000| Untracked 
|  84|0x000000070de00000, 0x000000070e000000, 0x000000070e000000|100%| O|  |TAMS 0x000000070de00000| PB 0x000000070de00000| Untracked 
|  85|0x000000070e000000, 0x000000070e200000, 0x000000070e200000|100%| O|  |TAMS 0x000000070e000000| PB 0x000000070e000000| Untracked 
|  86|0x000000070e200000, 0x000000070e400000, 0x000000070e400000|100%| O|  |TAMS 0x000000070e200000| PB 0x000000070e200000| Untracked 
|  87|0x000000070e400000, 0x000000070e600000, 0x000000070e600000|100%| O|  |TAMS 0x000000070e400000| PB 0x000000070e400000| Untracked 
|  88|0x000000070e600000, 0x000000070e800000, 0x000000070e800000|100%| O|  |TAMS 0x000000070e600000| PB 0x000000070e600000| Untracked 
|  89|0x000000070e800000, 0x000000070ea00000, 0x000000070ea00000|100%| O|  |TAMS 0x000000070e800000| PB 0x000000070e800000| Untracked 
|  90|0x000000070ea00000, 0x000000070ec00000, 0x000000070ec00000|100%| O|  |TAMS 0x000000070ea00000| PB 0x000000070ea00000| Untracked 
|  91|0x000000070ec00000, 0x000000070ee00000, 0x000000070ee00000|100%| O|  |TAMS 0x000000070ec00000| PB 0x000000070ec00000| Untracked 
|  92|0x000000070ee00000, 0x000000070f000000, 0x000000070f000000|100%| O|  |TAMS 0x000000070ee00000| PB 0x000000070ee00000| Untracked 
|  93|0x000000070f000000, 0x000000070f200000, 0x000000070f200000|100%| O|  |TAMS 0x000000070f000000| PB 0x000000070f000000| Untracked 
|  94|0x000000070f200000, 0x000000070f400000, 0x000000070f400000|100%| O|  |TAMS 0x000000070f200000| PB 0x000000070f200000| Untracked 
|  95|0x000000070f400000, 0x000000070f600000, 0x000000070f600000|100%| O|  |TAMS 0x000000070f400000| PB 0x000000070f400000| Untracked 
|  96|0x000000070f600000, 0x000000070f800000, 0x000000070f800000|100%| O|  |TAMS 0x000000070f600000| PB 0x000000070f600000| Untracked 
|  97|0x000000070f800000, 0x000000070fa00000, 0x000000070fa00000|100%| O|  |TAMS 0x000000070f800000| PB 0x000000070f800000| Untracked 
|  98|0x000000070fa00000, 0x000000070fc00000, 0x000000070fc00000|100%| O|  |TAMS 0x000000070fa00000| PB 0x000000070fa00000| Untracked 
|  99|0x000000070fc00000, 0x000000070fe00000, 0x000000070fe00000|100%| O|  |TAMS 0x000000070fc00000| PB 0x000000070fc00000| Untracked 
| 100|0x000000070fe00000, 0x0000000710000000, 0x0000000710000000|100%| O|  |TAMS 0x000000070fe00000| PB 0x000000070fe00000| Untracked 
| 101|0x0000000710000000, 0x0000000710200000, 0x0000000710200000|100%| O|Cm|TAMS 0x0000000710000000| PB 0x0000000710000000| Complete 
| 102|0x0000000710200000, 0x0000000710400000, 0x0000000710400000|100%| O|  |TAMS 0x0000000710200000| PB 0x0000000710200000| Untracked 
| 103|0x0000000710400000, 0x0000000710600000, 0x0000000710600000|100%| O|  |TAMS 0x0000000710400000| PB 0x0000000710400000| Untracked 
| 104|0x0000000710600000, 0x0000000710800000, 0x0000000710800000|100%| O|  |TAMS 0x0000000710600000| PB 0x0000000710600000| Untracked 
| 105|0x0000000710800000, 0x0000000710a00000, 0x0000000710a00000|100%| O|  |TAMS 0x0000000710800000| PB 0x0000000710800000| Untracked 
| 106|0x0000000710a00000, 0x0000000710c00000, 0x0000000710c00000|100%| O|  |TAMS 0x0000000710a00000| PB 0x0000000710a00000| Untracked 
| 107|0x0000000710c00000, 0x0000000710e00000, 0x0000000710e00000|100%| O|  |TAMS 0x0000000710c00000| PB 0x0000000710c00000| Untracked 
| 108|0x0000000710e00000, 0x0000000711000000, 0x0000000711000000|100%| O|  |TAMS 0x0000000710e00000| PB 0x0000000710e00000| Untracked 
| 109|0x0000000711000000, 0x0000000711200000, 0x0000000711200000|100%| O|  |TAMS 0x0000000711000000| PB 0x0000000711000000| Untracked 
| 110|0x0000000711200000, 0x0000000711400000, 0x0000000711400000|100%| O|  |TAMS 0x0000000711200000| PB 0x0000000711200000| Untracked 
| 111|0x0000000711400000, 0x0000000711600000, 0x0000000711600000|100%| O|  |TAMS 0x0000000711400000| PB 0x0000000711400000| Untracked 
| 112|0x0000000711600000, 0x0000000711800000, 0x0000000711800000|100%| O|  |TAMS 0x0000000711600000| PB 0x0000000711600000| Untracked 
| 113|0x0000000711800000, 0x0000000711a00000, 0x0000000711a00000|100%| O|  |TAMS 0x0000000711800000| PB 0x0000000711800000| Untracked 
| 114|0x0000000711a00000, 0x0000000711c00000, 0x0000000711c00000|100%| O|  |TAMS 0x0000000711a00000| PB 0x0000000711a00000| Untracked 
| 115|0x0000000711c00000, 0x0000000711e00000, 0x0000000711e00000|100%| O|  |TAMS 0x0000000711c00000| PB 0x0000000711c00000| Untracked 
| 116|0x0000000711e00000, 0x0000000712000000, 0x0000000712000000|100%| O|  |TAMS 0x0000000711e00000| PB 0x0000000711e00000| Untracked 
| 117|0x0000000712000000, 0x0000000712200000, 0x0000000712200000|100%| O|  |TAMS 0x0000000712000000| PB 0x0000000712000000| Untracked 
| 118|0x0000000712200000, 0x0000000712400000, 0x0000000712400000|100%| O|  |TAMS 0x0000000712200000| PB 0x0000000712200000| Untracked 
| 119|0x0000000712400000, 0x0000000712600000, 0x0000000712600000|100%| O|  |TAMS 0x0000000712400000| PB 0x0000000712400000| Untracked 
| 120|0x0000000712600000, 0x0000000712800000, 0x0000000712800000|100%| O|  |TAMS 0x0000000712600000| PB 0x0000000712600000| Untracked 
| 121|0x0000000712800000, 0x0000000712a00000, 0x0000000712a00000|100%| O|  |TAMS 0x0000000712800000| PB 0x0000000712800000| Untracked 
| 122|0x0000000712a00000, 0x0000000712c00000, 0x0000000712c00000|100%| O|  |TAMS 0x0000000712a00000| PB 0x0000000712a00000| Untracked 
| 123|0x0000000712c00000, 0x0000000712e00000, 0x0000000712e00000|100%| O|  |TAMS 0x0000000712c00000| PB 0x0000000712c00000| Untracked 
| 124|0x0000000712e00000, 0x0000000713000000, 0x0000000713000000|100%| O|  |TAMS 0x0000000712e00000| PB 0x0000000712e00000| Untracked 
| 125|0x0000000713000000, 0x0000000713200000, 0x0000000713200000|100%| O|  |TAMS 0x0000000713000000| PB 0x0000000713000000| Untracked 
| 126|0x0000000713200000, 0x0000000713400000, 0x0000000713400000|100%| O|  |TAMS 0x0000000713200000| PB 0x0000000713200000| Untracked 
| 127|0x0000000713400000, 0x0000000713600000, 0x0000000713600000|100%| O|  |TAMS 0x0000000713400000| PB 0x0000000713400000| Untracked 
| 128|0x0000000713600000, 0x0000000713800000, 0x0000000713800000|100%| O|  |TAMS 0x0000000713600000| PB 0x0000000713600000| Untracked 
| 129|0x0000000713800000, 0x0000000713a00000, 0x0000000713a00000|100%| O|  |TAMS 0x0000000713800000| PB 0x0000000713800000| Untracked 
| 130|0x0000000713a00000, 0x0000000713c00000, 0x0000000713c00000|100%| O|  |TAMS 0x0000000713a00000| PB 0x0000000713a00000| Untracked 
| 131|0x0000000713c00000, 0x0000000713e00000, 0x0000000713e00000|100%| O|  |TAMS 0x0000000713c00000| PB 0x0000000713c00000| Untracked 
| 132|0x0000000713e00000, 0x0000000714000000, 0x0000000714000000|100%| O|  |TAMS 0x0000000713e00000| PB 0x0000000713e00000| Untracked 
| 133|0x0000000714000000, 0x0000000714200000, 0x0000000714200000|100%| O|  |TAMS 0x0000000714000000| PB 0x0000000714000000| Untracked 
| 134|0x0000000714200000, 0x0000000714400000, 0x0000000714400000|100%| O|  |TAMS 0x0000000714200000| PB 0x0000000714200000| Untracked 
| 135|0x0000000714400000, 0x0000000714600000, 0x0000000714600000|100%| O|  |TAMS 0x0000000714400000| PB 0x0000000714400000| Untracked 
| 136|0x0000000714600000, 0x0000000714800000, 0x0000000714800000|100%| O|  |TAMS 0x0000000714600000| PB 0x0000000714600000| Untracked 
| 137|0x0000000714800000, 0x0000000714a00000, 0x0000000714a00000|100%| O|  |TAMS 0x0000000714800000| PB 0x0000000714800000| Untracked 
| 138|0x0000000714a00000, 0x0000000714c00000, 0x0000000714c00000|100%| O|  |TAMS 0x0000000714a00000| PB 0x0000000714a00000| Untracked 
| 139|0x0000000714c00000, 0x0000000714e00000, 0x0000000714e00000|100%| O|  |TAMS 0x0000000714c00000| PB 0x0000000714c00000| Untracked 
| 140|0x0000000714e00000, 0x0000000715000000, 0x0000000715000000|100%| O|Cm|TAMS 0x0000000714e00000| PB 0x0000000714e00000| Complete 
| 141|0x0000000715000000, 0x0000000715200000, 0x0000000715200000|100%| O|  |TAMS 0x0000000715000000| PB 0x0000000715000000| Untracked 
| 142|0x0000000715200000, 0x0000000715400000, 0x0000000715400000|100%| O|  |TAMS 0x0000000715200000| PB 0x0000000715200000| Untracked 
| 143|0x0000000715400000, 0x0000000715600000, 0x0000000715600000|100%| O|  |TAMS 0x0000000715400000| PB 0x0000000715400000| Untracked 
| 144|0x0000000715600000, 0x0000000715800000, 0x0000000715800000|100%| O|  |TAMS 0x0000000715600000| PB 0x0000000715600000| Untracked 
| 145|0x0000000715800000, 0x0000000715a00000, 0x0000000715a00000|100%| O|  |TAMS 0x0000000715800000| PB 0x0000000715800000| Untracked 
| 146|0x0000000715a00000, 0x0000000715c00000, 0x0000000715c00000|100%| O|  |TAMS 0x0000000715a00000| PB 0x0000000715a00000| Untracked 
| 147|0x0000000715c00000, 0x0000000715e00000, 0x0000000715e00000|100%| O|  |TAMS 0x0000000715c00000| PB 0x0000000715c00000| Untracked 
| 148|0x0000000715e00000, 0x0000000716000000, 0x0000000716000000|100%| O|  |TAMS 0x0000000715e00000| PB 0x0000000715e00000| Untracked 
| 149|0x0000000716000000, 0x0000000716200000, 0x0000000716200000|100%| O|  |TAMS 0x0000000716000000| PB 0x0000000716000000| Untracked 
| 150|0x0000000716200000, 0x0000000716400000, 0x0000000716400000|100%| O|  |TAMS 0x0000000716200000| PB 0x0000000716200000| Untracked 
| 151|0x0000000716400000, 0x0000000716600000, 0x0000000716600000|100%| O|  |TAMS 0x0000000716400000| PB 0x0000000716400000| Untracked 
| 152|0x0000000716600000, 0x0000000716800000, 0x0000000716800000|100%| O|  |TAMS 0x0000000716600000| PB 0x0000000716600000| Untracked 
| 153|0x0000000716800000, 0x0000000716a00000, 0x0000000716a00000|100%| O|Cm|TAMS 0x0000000716800000| PB 0x0000000716800000| Complete 
| 154|0x0000000716a00000, 0x0000000716c00000, 0x0000000716c00000|100%| O|Cm|TAMS 0x0000000716a00000| PB 0x0000000716a00000| Complete 
| 155|0x0000000716c00000, 0x0000000716e00000, 0x0000000716e00000|100%|HS|  |TAMS 0x0000000716c00000| PB 0x0000000716c00000| Complete 
| 156|0x0000000716e00000, 0x0000000717000000, 0x0000000717000000|100%|HS|  |TAMS 0x0000000716e00000| PB 0x0000000716e00000| Complete 
| 157|0x0000000717000000, 0x0000000717200000, 0x0000000717200000|100%| O|  |TAMS 0x0000000717000000| PB 0x0000000717000000| Untracked 
| 158|0x0000000717200000, 0x0000000717400000, 0x0000000717400000|100%| O|  |TAMS 0x0000000717200000| PB 0x0000000717200000| Untracked 
| 159|0x0000000717400000, 0x0000000717600000, 0x0000000717600000|100%| O|  |TAMS 0x0000000717400000| PB 0x0000000717400000| Untracked 
| 160|0x0000000717600000, 0x0000000717800000, 0x0000000717800000|100%| O|  |TAMS 0x0000000717600000| PB 0x0000000717600000| Untracked 
| 161|0x0000000717800000, 0x0000000717a00000, 0x0000000717a00000|100%| O|  |TAMS 0x0000000717800000| PB 0x0000000717800000| Untracked 
| 162|0x0000000717a00000, 0x0000000717c00000, 0x0000000717c00000|100%| O|  |TAMS 0x0000000717a00000| PB 0x0000000717a00000| Untracked 
| 163|0x0000000717c00000, 0x0000000717e00000, 0x0000000717e00000|100%| O|  |TAMS 0x0000000717c00000| PB 0x0000000717c00000| Untracked 
| 164|0x0000000717e00000, 0x0000000718000000, 0x0000000718000000|100%| O|  |TAMS 0x0000000717e00000| PB 0x0000000717e00000| Untracked 
| 165|0x0000000718000000, 0x0000000718200000, 0x0000000718200000|100%| O|  |TAMS 0x0000000718000000| PB 0x0000000718000000| Untracked 
| 166|0x0000000718200000, 0x0000000718400000, 0x0000000718400000|100%| O|  |TAMS 0x0000000718200000| PB 0x0000000718200000| Untracked 
| 167|0x0000000718400000, 0x0000000718600000, 0x0000000718600000|100%| O|  |TAMS 0x0000000718400000| PB 0x0000000718400000| Untracked 
| 168|0x0000000718600000, 0x0000000718800000, 0x0000000718800000|100%| O|  |TAMS 0x0000000718600000| PB 0x0000000718600000| Untracked 
| 169|0x0000000718800000, 0x0000000718a00000, 0x0000000718a00000|100%| O|  |TAMS 0x0000000718800000| PB 0x0000000718800000| Untracked 
| 170|0x0000000718a00000, 0x0000000718c00000, 0x0000000718c00000|100%| O|  |TAMS 0x0000000718a00000| PB 0x0000000718a00000| Untracked 
| 171|0x0000000718c00000, 0x0000000718e00000, 0x0000000718e00000|100%| O|  |TAMS 0x0000000718c00000| PB 0x0000000718c00000| Untracked 
| 172|0x0000000718e00000, 0x0000000719000000, 0x0000000719000000|100%| O|  |TAMS 0x0000000718e00000| PB 0x0000000718e00000| Untracked 
| 173|0x0000000719000000, 0x0000000719200000, 0x0000000719200000|100%| O|  |TAMS 0x0000000719000000| PB 0x0000000719000000| Untracked 
| 174|0x0000000719200000, 0x0000000719400000, 0x0000000719400000|100%| O|  |TAMS 0x0000000719200000| PB 0x0000000719200000| Untracked 
| 175|0x0000000719400000, 0x0000000719600000, 0x0000000719600000|100%| O|  |TAMS 0x0000000719400000| PB 0x0000000719400000| Untracked 
| 176|0x0000000719600000, 0x0000000719800000, 0x0000000719800000|100%| O|  |TAMS 0x0000000719600000| PB 0x0000000719600000| Untracked 
| 177|0x0000000719800000, 0x0000000719a00000, 0x0000000719a00000|100%| O|  |TAMS 0x0000000719800000| PB 0x0000000719800000| Untracked 
| 178|0x0000000719a00000, 0x0000000719c00000, 0x0000000719c00000|100%| O|  |TAMS 0x0000000719a00000| PB 0x0000000719a00000| Untracked 
| 179|0x0000000719c00000, 0x0000000719e00000, 0x0000000719e00000|100%| O|  |TAMS 0x0000000719c00000| PB 0x0000000719c00000| Untracked 
| 180|0x0000000719e00000, 0x000000071a000000, 0x000000071a000000|100%| O|  |TAMS 0x0000000719e00000| PB 0x0000000719e00000| Untracked 
| 181|0x000000071a000000, 0x000000071a200000, 0x000000071a200000|100%| O|  |TAMS 0x000000071a000000| PB 0x000000071a000000| Untracked 
| 182|0x000000071a200000, 0x000000071a400000, 0x000000071a400000|100%| O|  |TAMS 0x000000071a200000| PB 0x000000071a200000| Untracked 
| 183|0x000000071a400000, 0x000000071a600000, 0x000000071a600000|100%| O|  |TAMS 0x000000071a400000| PB 0x000000071a400000| Untracked 
| 184|0x000000071a600000, 0x000000071a800000, 0x000000071a800000|100%| O|  |TAMS 0x000000071a600000| PB 0x000000071a600000| Untracked 
| 185|0x000000071a800000, 0x000000071aa00000, 0x000000071aa00000|100%| O|  |TAMS 0x000000071a800000| PB 0x000000071a800000| Untracked 
| 186|0x000000071aa00000, 0x000000071ac00000, 0x000000071ac00000|100%| O|  |TAMS 0x000000071aa00000| PB 0x000000071aa00000| Untracked 
| 187|0x000000071ac00000, 0x000000071ae00000, 0x000000071ae00000|100%| O|  |TAMS 0x000000071ac00000| PB 0x000000071ac00000| Untracked 
| 188|0x000000071ae00000, 0x000000071b000000, 0x000000071b000000|100%| O|  |TAMS 0x000000071ae00000| PB 0x000000071ae00000| Untracked 
| 189|0x000000071b000000, 0x000000071b200000, 0x000000071b200000|100%| O|  |TAMS 0x000000071b000000| PB 0x000000071b000000| Untracked 
| 190|0x000000071b200000, 0x000000071b400000, 0x000000071b400000|100%| O|  |TAMS 0x000000071b200000| PB 0x000000071b200000| Untracked 
| 191|0x000000071b400000, 0x000000071b600000, 0x000000071b600000|100%| O|  |TAMS 0x000000071b400000| PB 0x000000071b400000| Untracked 
| 192|0x000000071b600000, 0x000000071b800000, 0x000000071b800000|100%| O|  |TAMS 0x000000071b600000| PB 0x000000071b600000| Untracked 
| 193|0x000000071b800000, 0x000000071ba00000, 0x000000071ba00000|100%| O|  |TAMS 0x000000071b800000| PB 0x000000071b800000| Untracked 
| 194|0x000000071ba00000, 0x000000071bc00000, 0x000000071bc00000|100%| O|  |TAMS 0x000000071ba00000| PB 0x000000071ba00000| Untracked 
| 195|0x000000071bc00000, 0x000000071be00000, 0x000000071be00000|100%| O|  |TAMS 0x000000071bc00000| PB 0x000000071bc00000| Untracked 
| 196|0x000000071be00000, 0x000000071c000000, 0x000000071c000000|100%| O|  |TAMS 0x000000071be00000| PB 0x000000071be00000| Untracked 
| 197|0x000000071c000000, 0x000000071c200000, 0x000000071c200000|100%| O|  |TAMS 0x000000071c000000| PB 0x000000071c000000| Untracked 
| 198|0x000000071c200000, 0x000000071c400000, 0x000000071c400000|100%| O|  |TAMS 0x000000071c200000| PB 0x000000071c200000| Untracked 
| 199|0x000000071c400000, 0x000000071c600000, 0x000000071c600000|100%| O|  |TAMS 0x000000071c400000| PB 0x000000071c400000| Untracked 
| 200|0x000000071c600000, 0x000000071c800000, 0x000000071c800000|100%| O|  |TAMS 0x000000071c600000| PB 0x000000071c600000| Untracked 
| 201|0x000000071c800000, 0x000000071c9798c0, 0x000000071ca00000| 73%| O|  |TAMS 0x000000071c800000| PB 0x000000071c800000| Untracked 
| 202|0x000000071ca00000, 0x000000071ca00000, 0x000000071cc00000|  0%| F|  |TAMS 0x000000071ca00000| PB 0x000000071ca00000| Untracked 
| 203|0x000000071cc00000, 0x000000071cc00000, 0x000000071ce00000|  0%| F|  |TAMS 0x000000071cc00000| PB 0x000000071cc00000| Untracked 
| 204|0x000000071ce00000, 0x000000071ce00000, 0x000000071d000000|  0%| F|  |TAMS 0x000000071ce00000| PB 0x000000071ce00000| Untracked 
| 205|0x000000071d000000, 0x000000071d000000, 0x000000071d200000|  0%| F|  |TAMS 0x000000071d000000| PB 0x000000071d000000| Untracked 
| 206|0x000000071d200000, 0x000000071d200000, 0x000000071d400000|  0%| F|  |TAMS 0x000000071d200000| PB 0x000000071d200000| Untracked 
| 207|0x000000071d400000, 0x000000071d400000, 0x000000071d600000|  0%| F|  |TAMS 0x000000071d400000| PB 0x000000071d400000| Untracked 
| 208|0x000000071d600000, 0x000000071d600000, 0x000000071d800000|  0%| F|  |TAMS 0x000000071d600000| PB 0x000000071d600000| Untracked 
| 209|0x000000071d800000, 0x000000071d800000, 0x000000071da00000|  0%| F|  |TAMS 0x000000071d800000| PB 0x000000071d800000| Untracked 
| 210|0x000000071da00000, 0x000000071da00000, 0x000000071dc00000|  0%| F|  |TAMS 0x000000071da00000| PB 0x000000071da00000| Untracked 
| 211|0x000000071dc00000, 0x000000071dc00000, 0x000000071de00000|  0%| F|  |TAMS 0x000000071dc00000| PB 0x000000071dc00000| Untracked 
| 212|0x000000071de00000, 0x000000071de00000, 0x000000071e000000|  0%| F|  |TAMS 0x000000071de00000| PB 0x000000071de00000| Untracked 
| 213|0x000000071e000000, 0x000000071e000000, 0x000000071e200000|  0%| F|  |TAMS 0x000000071e000000| PB 0x000000071e000000| Untracked 
| 214|0x000000071e200000, 0x000000071e200000, 0x000000071e400000|  0%| F|  |TAMS 0x000000071e200000| PB 0x000000071e200000| Untracked 
| 215|0x000000071e400000, 0x000000071e400000, 0x000000071e600000|  0%| F|  |TAMS 0x000000071e400000| PB 0x000000071e400000| Untracked 
| 216|0x000000071e600000, 0x000000071e600000, 0x000000071e800000|  0%| F|  |TAMS 0x000000071e600000| PB 0x000000071e600000| Untracked 
| 217|0x000000071e800000, 0x000000071e800000, 0x000000071ea00000|  0%| F|  |TAMS 0x000000071e800000| PB 0x000000071e800000| Untracked 
| 218|0x000000071ea00000, 0x000000071ea00000, 0x000000071ec00000|  0%| F|  |TAMS 0x000000071ea00000| PB 0x000000071ea00000| Untracked 
| 219|0x000000071ec00000, 0x000000071ed11e60, 0x000000071ee00000| 53%| S|CS|TAMS 0x000000071ec00000| PB 0x000000071ec00000| Complete 
| 220|0x000000071ee00000, 0x000000071f000000, 0x000000071f000000|100%| S|CS|TAMS 0x000000071ee00000| PB 0x000000071ee00000| Complete 
| 221|0x000000071f000000, 0x000000071f200000, 0x000000071f200000|100%| S|CS|TAMS 0x000000071f000000| PB 0x000000071f000000| Complete 
| 222|0x000000071f200000, 0x000000071f400000, 0x000000071f400000|100%| S|CS|TAMS 0x000000071f200000| PB 0x000000071f200000| Complete 
| 223|0x000000071f400000, 0x000000071f600000, 0x000000071f600000|100%| S|CS|TAMS 0x000000071f400000| PB 0x000000071f400000| Complete 
| 224|0x000000071f600000, 0x000000071f800000, 0x000000071f800000|100%| S|CS|TAMS 0x000000071f600000| PB 0x000000071f600000| Complete 
| 225|0x000000071f800000, 0x000000071f800000, 0x000000071fa00000|  0%| F|  |TAMS 0x000000071f800000| PB 0x000000071f800000| Untracked 
| 226|0x000000071fa00000, 0x000000071fa00000, 0x000000071fc00000|  0%| F|  |TAMS 0x000000071fa00000| PB 0x000000071fa00000| Untracked 
| 227|0x000000071fc00000, 0x000000071fc00000, 0x000000071fe00000|  0%| F|  |TAMS 0x000000071fc00000| PB 0x000000071fc00000| Untracked 
| 228|0x000000071fe00000, 0x000000071fe00000, 0x0000000720000000|  0%| F|  |TAMS 0x000000071fe00000| PB 0x000000071fe00000| Untracked 
| 229|0x0000000720000000, 0x0000000720000000, 0x0000000720200000|  0%| F|  |TAMS 0x0000000720000000| PB 0x0000000720000000| Untracked 
| 230|0x0000000720200000, 0x0000000720200000, 0x0000000720400000|  0%| F|  |TAMS 0x0000000720200000| PB 0x0000000720200000| Untracked 
| 231|0x0000000720400000, 0x0000000720400000, 0x0000000720600000|  0%| F|  |TAMS 0x0000000720400000| PB 0x0000000720400000| Untracked 
| 232|0x0000000720600000, 0x0000000720600000, 0x0000000720800000|  0%| F|  |TAMS 0x0000000720600000| PB 0x0000000720600000| Untracked 
| 233|0x0000000720800000, 0x0000000720800000, 0x0000000720a00000|  0%| F|  |TAMS 0x0000000720800000| PB 0x0000000720800000| Untracked 
| 234|0x0000000720a00000, 0x0000000720a00000, 0x0000000720c00000|  0%| F|  |TAMS 0x0000000720a00000| PB 0x0000000720a00000| Untracked 
| 235|0x0000000720c00000, 0x0000000720c00000, 0x0000000720e00000|  0%| F|  |TAMS 0x0000000720c00000| PB 0x0000000720c00000| Untracked 
| 236|0x0000000720e00000, 0x0000000720e00000, 0x0000000721000000|  0%| F|  |TAMS 0x0000000720e00000| PB 0x0000000720e00000| Untracked 
| 237|0x0000000721000000, 0x0000000721000000, 0x0000000721200000|  0%| F|  |TAMS 0x0000000721000000| PB 0x0000000721000000| Untracked 
| 238|0x0000000721200000, 0x0000000721200000, 0x0000000721400000|  0%| F|  |TAMS 0x0000000721200000| PB 0x0000000721200000| Untracked 
| 239|0x0000000721400000, 0x0000000721400000, 0x0000000721600000|  0%| F|  |TAMS 0x0000000721400000| PB 0x0000000721400000| Untracked 
| 240|0x0000000721600000, 0x0000000721600000, 0x0000000721800000|  0%| F|  |TAMS 0x0000000721600000| PB 0x0000000721600000| Untracked 
| 241|0x0000000721800000, 0x0000000721800000, 0x0000000721a00000|  0%| F|  |TAMS 0x0000000721800000| PB 0x0000000721800000| Untracked 
| 242|0x0000000721a00000, 0x0000000721a00000, 0x0000000721c00000|  0%| F|  |TAMS 0x0000000721a00000| PB 0x0000000721a00000| Untracked 
| 243|0x0000000721c00000, 0x0000000721d00000, 0x0000000721e00000| 50%| E|  |TAMS 0x0000000721c00000| PB 0x0000000721c00000| Complete 
| 244|0x0000000721e00000, 0x0000000722000000, 0x0000000722000000|100%| E|CS|TAMS 0x0000000721e00000| PB 0x0000000721e00000| Complete 
| 245|0x0000000722000000, 0x0000000722200000, 0x0000000722200000|100%| E|CS|TAMS 0x0000000722000000| PB 0x0000000722000000| Complete 
| 246|0x0000000722200000, 0x0000000722400000, 0x0000000722400000|100%| E|CS|TAMS 0x0000000722200000| PB 0x0000000722200000| Complete 
| 247|0x0000000722400000, 0x0000000722600000, 0x0000000722600000|100%| E|CS|TAMS 0x0000000722400000| PB 0x0000000722400000| Complete 
| 248|0x0000000722600000, 0x0000000722800000, 0x0000000722800000|100%| E|CS|TAMS 0x0000000722600000| PB 0x0000000722600000| Complete 
| 249|0x0000000722800000, 0x0000000722a00000, 0x0000000722a00000|100%| E|CS|TAMS 0x0000000722800000| PB 0x0000000722800000| Complete 
| 250|0x0000000722a00000, 0x0000000722c00000, 0x0000000722c00000|100%| E|CS|TAMS 0x0000000722a00000| PB 0x0000000722a00000| Complete 
| 251|0x0000000722c00000, 0x0000000722e00000, 0x0000000722e00000|100%| E|CS|TAMS 0x0000000722c00000| PB 0x0000000722c00000| Complete 
| 252|0x0000000722e00000, 0x0000000723000000, 0x0000000723000000|100%| E|CS|TAMS 0x0000000722e00000| PB 0x0000000722e00000| Complete 
| 253|0x0000000723000000, 0x0000000723200000, 0x0000000723200000|100%| E|CS|TAMS 0x0000000723000000| PB 0x0000000723000000| Complete 
| 254|0x0000000723200000, 0x0000000723400000, 0x0000000723400000|100%| E|CS|TAMS 0x0000000723200000| PB 0x0000000723200000| Complete 
| 255|0x0000000723400000, 0x0000000723600000, 0x0000000723600000|100%| E|CS|TAMS 0x0000000723400000| PB 0x0000000723400000| Complete 
| 256|0x0000000723600000, 0x0000000723800000, 0x0000000723800000|100%| E|CS|TAMS 0x0000000723600000| PB 0x0000000723600000| Complete 
| 257|0x0000000723800000, 0x0000000723a00000, 0x0000000723a00000|100%| E|CS|TAMS 0x0000000723800000| PB 0x0000000723800000| Complete 
| 258|0x0000000723a00000, 0x0000000723c00000, 0x0000000723c00000|100%| E|CS|TAMS 0x0000000723a00000| PB 0x0000000723a00000| Complete 
| 259|0x0000000723c00000, 0x0000000723e00000, 0x0000000723e00000|100%| E|CS|TAMS 0x0000000723c00000| PB 0x0000000723c00000| Complete 
| 260|0x0000000723e00000, 0x0000000724000000, 0x0000000724000000|100%| E|CS|TAMS 0x0000000723e00000| PB 0x0000000723e00000| Complete 
| 261|0x0000000724000000, 0x0000000724200000, 0x0000000724200000|100%| E|CS|TAMS 0x0000000724000000| PB 0x0000000724000000| Complete 
| 262|0x0000000724200000, 0x0000000724400000, 0x0000000724400000|100%| E|CS|TAMS 0x0000000724200000| PB 0x0000000724200000| Complete 
| 263|0x0000000724400000, 0x0000000724600000, 0x0000000724600000|100%| E|CS|TAMS 0x0000000724400000| PB 0x0000000724400000| Complete 
| 264|0x0000000724600000, 0x0000000724800000, 0x0000000724800000|100%| E|CS|TAMS 0x0000000724600000| PB 0x0000000724600000| Complete 
| 265|0x0000000724800000, 0x0000000724a00000, 0x0000000724a00000|100%| E|CS|TAMS 0x0000000724800000| PB 0x0000000724800000| Complete 
| 266|0x0000000724a00000, 0x0000000724c00000, 0x0000000724c00000|100%| E|CS|TAMS 0x0000000724a00000| PB 0x0000000724a00000| Complete 
| 267|0x0000000724c00000, 0x0000000724e00000, 0x0000000724e00000|100%| E|CS|TAMS 0x0000000724c00000| PB 0x0000000724c00000| Complete 
| 268|0x0000000724e00000, 0x0000000725000000, 0x0000000725000000|100%| E|CS|TAMS 0x0000000724e00000| PB 0x0000000724e00000| Complete 
| 269|0x0000000725000000, 0x0000000725200000, 0x0000000725200000|100%| E|CS|TAMS 0x0000000725000000| PB 0x0000000725000000| Complete 
| 270|0x0000000725200000, 0x0000000725400000, 0x0000000725400000|100%| E|CS|TAMS 0x0000000725200000| PB 0x0000000725200000| Complete 
| 271|0x0000000725400000, 0x0000000725600000, 0x0000000725600000|100%| E|CS|TAMS 0x0000000725400000| PB 0x0000000725400000| Complete 
| 272|0x0000000725600000, 0x0000000725800000, 0x0000000725800000|100%| E|CS|TAMS 0x0000000725600000| PB 0x0000000725600000| Complete 
| 273|0x0000000725800000, 0x0000000725a00000, 0x0000000725a00000|100%| E|CS|TAMS 0x0000000725800000| PB 0x0000000725800000| Complete 
| 274|0x0000000725a00000, 0x0000000725c00000, 0x0000000725c00000|100%| E|CS|TAMS 0x0000000725a00000| PB 0x0000000725a00000| Complete 
| 275|0x0000000725c00000, 0x0000000725e00000, 0x0000000725e00000|100%| E|CS|TAMS 0x0000000725c00000| PB 0x0000000725c00000| Complete 
| 276|0x0000000725e00000, 0x0000000726000000, 0x0000000726000000|100%| E|CS|TAMS 0x0000000725e00000| PB 0x0000000725e00000| Complete 
| 277|0x0000000726000000, 0x0000000726200000, 0x0000000726200000|100%| E|CS|TAMS 0x0000000726000000| PB 0x0000000726000000| Complete 
| 278|0x0000000726200000, 0x0000000726400000, 0x0000000726400000|100%| E|CS|TAMS 0x0000000726200000| PB 0x0000000726200000| Complete 
| 279|0x0000000726400000, 0x0000000726600000, 0x0000000726600000|100%| E|CS|TAMS 0x0000000726400000| PB 0x0000000726400000| Complete 
| 280|0x0000000726600000, 0x0000000726800000, 0x0000000726800000|100%| E|CS|TAMS 0x0000000726600000| PB 0x0000000726600000| Complete 
| 281|0x0000000726800000, 0x0000000726a00000, 0x0000000726a00000|100%| E|CS|TAMS 0x0000000726800000| PB 0x0000000726800000| Complete 
| 282|0x0000000726a00000, 0x0000000726c00000, 0x0000000726c00000|100%| E|CS|TAMS 0x0000000726a00000| PB 0x0000000726a00000| Complete 
| 283|0x0000000726c00000, 0x0000000726e00000, 0x0000000726e00000|100%| E|CS|TAMS 0x0000000726c00000| PB 0x0000000726c00000| Complete 
| 284|0x0000000726e00000, 0x0000000727000000, 0x0000000727000000|100%| E|CS|TAMS 0x0000000726e00000| PB 0x0000000726e00000| Complete 
| 285|0x0000000727000000, 0x0000000727200000, 0x0000000727200000|100%| E|CS|TAMS 0x0000000727000000| PB 0x0000000727000000| Complete 
| 286|0x0000000727200000, 0x0000000727400000, 0x0000000727400000|100%| E|CS|TAMS 0x0000000727200000| PB 0x0000000727200000| Complete 
| 287|0x0000000727400000, 0x0000000727600000, 0x0000000727600000|100%| E|CS|TAMS 0x0000000727400000| PB 0x0000000727400000| Complete 
| 288|0x0000000727600000, 0x0000000727800000, 0x0000000727800000|100%| E|CS|TAMS 0x0000000727600000| PB 0x0000000727600000| Complete 
| 289|0x0000000727800000, 0x0000000727a00000, 0x0000000727a00000|100%| E|CS|TAMS 0x0000000727800000| PB 0x0000000727800000| Complete 
| 290|0x0000000727a00000, 0x0000000727c00000, 0x0000000727c00000|100%| E|CS|TAMS 0x0000000727a00000| PB 0x0000000727a00000| Complete 
| 291|0x0000000727c00000, 0x0000000727e00000, 0x0000000727e00000|100%| E|CS|TAMS 0x0000000727c00000| PB 0x0000000727c00000| Complete 
| 292|0x0000000727e00000, 0x0000000728000000, 0x0000000728000000|100%| E|CS|TAMS 0x0000000727e00000| PB 0x0000000727e00000| Complete 
| 293|0x0000000728000000, 0x0000000728200000, 0x0000000728200000|100%| E|CS|TAMS 0x0000000728000000| PB 0x0000000728000000| Complete 
| 294|0x0000000728200000, 0x0000000728400000, 0x0000000728400000|100%| E|CS|TAMS 0x0000000728200000| PB 0x0000000728200000| Complete 
| 295|0x0000000728400000, 0x0000000728600000, 0x0000000728600000|100%| E|CS|TAMS 0x0000000728400000| PB 0x0000000728400000| Complete 
| 296|0x0000000728600000, 0x0000000728800000, 0x0000000728800000|100%| E|CS|TAMS 0x0000000728600000| PB 0x0000000728600000| Complete 
| 297|0x0000000728800000, 0x0000000728a00000, 0x0000000728a00000|100%| E|CS|TAMS 0x0000000728800000| PB 0x0000000728800000| Complete 
| 298|0x0000000728a00000, 0x0000000728c00000, 0x0000000728c00000|100%| E|CS|TAMS 0x0000000728a00000| PB 0x0000000728a00000| Complete 
| 299|0x0000000728c00000, 0x0000000728e00000, 0x0000000728e00000|100%| E|CS|TAMS 0x0000000728c00000| PB 0x0000000728c00000| Complete 
| 300|0x0000000728e00000, 0x0000000729000000, 0x0000000729000000|100%| E|CS|TAMS 0x0000000728e00000| PB 0x0000000728e00000| Complete 
| 301|0x0000000729000000, 0x0000000729200000, 0x0000000729200000|100%| E|CS|TAMS 0x0000000729000000| PB 0x0000000729000000| Complete 
| 302|0x0000000729200000, 0x0000000729400000, 0x0000000729400000|100%| E|CS|TAMS 0x0000000729200000| PB 0x0000000729200000| Complete 
| 303|0x0000000729400000, 0x0000000729600000, 0x0000000729600000|100%| E|CS|TAMS 0x0000000729400000| PB 0x0000000729400000| Complete 
| 304|0x0000000729600000, 0x0000000729800000, 0x0000000729800000|100%| E|CS|TAMS 0x0000000729600000| PB 0x0000000729600000| Complete 
| 305|0x0000000729800000, 0x0000000729a00000, 0x0000000729a00000|100%| E|CS|TAMS 0x0000000729800000| PB 0x0000000729800000| Complete 
| 306|0x0000000729a00000, 0x0000000729c00000, 0x0000000729c00000|100%| E|CS|TAMS 0x0000000729a00000| PB 0x0000000729a00000| Complete 
| 307|0x0000000729c00000, 0x0000000729e00000, 0x0000000729e00000|100%| E|CS|TAMS 0x0000000729c00000| PB 0x0000000729c00000| Complete 
| 308|0x0000000729e00000, 0x000000072a000000, 0x000000072a000000|100%| E|CS|TAMS 0x0000000729e00000| PB 0x0000000729e00000| Complete 
| 309|0x000000072a000000, 0x000000072a200000, 0x000000072a200000|100%| E|CS|TAMS 0x000000072a000000| PB 0x000000072a000000| Complete 
| 310|0x000000072a200000, 0x000000072a400000, 0x000000072a400000|100%| E|CS|TAMS 0x000000072a200000| PB 0x000000072a200000| Complete 
| 311|0x000000072a400000, 0x000000072a600000, 0x000000072a600000|100%| E|CS|TAMS 0x000000072a400000| PB 0x000000072a400000| Complete 
| 312|0x000000072a600000, 0x000000072a800000, 0x000000072a800000|100%| E|CS|TAMS 0x000000072a600000| PB 0x000000072a600000| Complete 
| 313|0x000000072a800000, 0x000000072aa00000, 0x000000072aa00000|100%| E|CS|TAMS 0x000000072a800000| PB 0x000000072a800000| Complete 
| 314|0x000000072aa00000, 0x000000072ac00000, 0x000000072ac00000|100%| E|CS|TAMS 0x000000072aa00000| PB 0x000000072aa00000| Complete 
| 315|0x000000072ac00000, 0x000000072ae00000, 0x000000072ae00000|100%| E|CS|TAMS 0x000000072ac00000| PB 0x000000072ac00000| Complete 
| 316|0x000000072ae00000, 0x000000072b000000, 0x000000072b000000|100%| E|CS|TAMS 0x000000072ae00000| PB 0x000000072ae00000| Complete 
| 317|0x000000072b000000, 0x000000072b200000, 0x000000072b200000|100%| E|CS|TAMS 0x000000072b000000| PB 0x000000072b000000| Complete 
| 318|0x000000072b200000, 0x000000072b400000, 0x000000072b400000|100%| E|CS|TAMS 0x000000072b200000| PB 0x000000072b200000| Complete 
| 319|0x000000072b400000, 0x000000072b600000, 0x000000072b600000|100%| E|CS|TAMS 0x000000072b400000| PB 0x000000072b400000| Complete 
| 320|0x000000072b600000, 0x000000072b800000, 0x000000072b800000|100%| E|CS|TAMS 0x000000072b600000| PB 0x000000072b600000| Complete 
| 321|0x000000072b800000, 0x000000072ba00000, 0x000000072ba00000|100%| E|CS|TAMS 0x000000072b800000| PB 0x000000072b800000| Complete 
| 322|0x000000072ba00000, 0x000000072bc00000, 0x000000072bc00000|100%| E|CS|TAMS 0x000000072ba00000| PB 0x000000072ba00000| Complete 
| 323|0x000000072bc00000, 0x000000072be00000, 0x000000072be00000|100%| E|CS|TAMS 0x000000072bc00000| PB 0x000000072bc00000| Complete 
| 324|0x000000072be00000, 0x000000072c000000, 0x000000072c000000|100%| E|CS|TAMS 0x000000072be00000| PB 0x000000072be00000| Complete 
| 325|0x000000072c000000, 0x000000072c200000, 0x000000072c200000|100%| E|CS|TAMS 0x000000072c000000| PB 0x000000072c000000| Complete 
| 326|0x000000072c200000, 0x000000072c400000, 0x000000072c400000|100%| E|CS|TAMS 0x000000072c200000| PB 0x000000072c200000| Complete 
| 327|0x000000072c400000, 0x000000072c600000, 0x000000072c600000|100%| E|CS|TAMS 0x000000072c400000| PB 0x000000072c400000| Complete 
| 328|0x000000072c600000, 0x000000072c800000, 0x000000072c800000|100%| E|CS|TAMS 0x000000072c600000| PB 0x000000072c600000| Complete 
| 329|0x000000072c800000, 0x000000072ca00000, 0x000000072ca00000|100%| E|CS|TAMS 0x000000072c800000| PB 0x000000072c800000| Complete 
| 330|0x000000072ca00000, 0x000000072cc00000, 0x000000072cc00000|100%| E|CS|TAMS 0x000000072ca00000| PB 0x000000072ca00000| Complete 
| 331|0x000000072cc00000, 0x000000072ce00000, 0x000000072ce00000|100%| E|CS|TAMS 0x000000072cc00000| PB 0x000000072cc00000| Complete 
| 332|0x000000072ce00000, 0x000000072d000000, 0x000000072d000000|100%| E|CS|TAMS 0x000000072ce00000| PB 0x000000072ce00000| Complete 
| 333|0x000000072d000000, 0x000000072d200000, 0x000000072d200000|100%| E|CS|TAMS 0x000000072d000000| PB 0x000000072d000000| Complete 
| 334|0x000000072d200000, 0x000000072d400000, 0x000000072d400000|100%| E|CS|TAMS 0x000000072d200000| PB 0x000000072d200000| Complete 
| 335|0x000000072d400000, 0x000000072d600000, 0x000000072d600000|100%| E|CS|TAMS 0x000000072d400000| PB 0x000000072d400000| Complete 
| 336|0x000000072d600000, 0x000000072d800000, 0x000000072d800000|100%| E|CS|TAMS 0x000000072d600000| PB 0x000000072d600000| Complete 
| 337|0x000000072d800000, 0x000000072da00000, 0x000000072da00000|100%| E|CS|TAMS 0x000000072d800000| PB 0x000000072d800000| Complete 
| 338|0x000000072da00000, 0x000000072dc00000, 0x000000072dc00000|100%| E|CS|TAMS 0x000000072da00000| PB 0x000000072da00000| Complete 
| 339|0x000000072dc00000, 0x000000072de00000, 0x000000072de00000|100%| E|CS|TAMS 0x000000072dc00000| PB 0x000000072dc00000| Complete 
| 340|0x000000072de00000, 0x000000072e000000, 0x000000072e000000|100%| E|CS|TAMS 0x000000072de00000| PB 0x000000072de00000| Complete 
| 341|0x000000072e000000, 0x000000072e200000, 0x000000072e200000|100%| E|CS|TAMS 0x000000072e000000| PB 0x000000072e000000| Complete 
| 342|0x000000072e200000, 0x000000072e400000, 0x000000072e400000|100%| E|CS|TAMS 0x000000072e200000| PB 0x000000072e200000| Complete 
| 343|0x000000072e400000, 0x000000072e600000, 0x000000072e600000|100%| E|CS|TAMS 0x000000072e400000| PB 0x000000072e400000| Complete 
| 344|0x000000072e600000, 0x000000072e800000, 0x000000072e800000|100%| E|CS|TAMS 0x000000072e600000| PB 0x000000072e600000| Complete 
| 345|0x000000072e800000, 0x000000072ea00000, 0x000000072ea00000|100%| E|CS|TAMS 0x000000072e800000| PB 0x000000072e800000| Complete 
| 346|0x000000072ea00000, 0x000000072ec00000, 0x000000072ec00000|100%| E|CS|TAMS 0x000000072ea00000| PB 0x000000072ea00000| Complete 
| 347|0x000000072ec00000, 0x000000072ee00000, 0x000000072ee00000|100%| E|CS|TAMS 0x000000072ec00000| PB 0x000000072ec00000| Complete 
| 348|0x000000072ee00000, 0x000000072f000000, 0x000000072f000000|100%| E|CS|TAMS 0x000000072ee00000| PB 0x000000072ee00000| Complete 
| 349|0x000000072f000000, 0x000000072f200000, 0x000000072f200000|100%| E|CS|TAMS 0x000000072f000000| PB 0x000000072f000000| Complete 
| 350|0x000000072f200000, 0x000000072f400000, 0x000000072f400000|100%| E|CS|TAMS 0x000000072f200000| PB 0x000000072f200000| Complete 
| 351|0x000000072f400000, 0x000000072f600000, 0x000000072f600000|100%| E|CS|TAMS 0x000000072f400000| PB 0x000000072f400000| Complete 
| 352|0x000000072f600000, 0x000000072f800000, 0x000000072f800000|100%| E|CS|TAMS 0x000000072f600000| PB 0x000000072f600000| Complete 
| 353|0x000000072f800000, 0x000000072fa00000, 0x000000072fa00000|100%| E|CS|TAMS 0x000000072f800000| PB 0x000000072f800000| Complete 
| 354|0x000000072fa00000, 0x000000072fc00000, 0x000000072fc00000|100%| E|CS|TAMS 0x000000072fa00000| PB 0x000000072fa00000| Complete 
| 355|0x000000072fc00000, 0x000000072fe00000, 0x000000072fe00000|100%| E|CS|TAMS 0x000000072fc00000| PB 0x000000072fc00000| Complete 
| 356|0x000000072fe00000, 0x0000000730000000, 0x0000000730000000|100%| E|CS|TAMS 0x000000072fe00000| PB 0x000000072fe00000| Complete 
| 357|0x0000000730000000, 0x0000000730200000, 0x0000000730200000|100%| E|CS|TAMS 0x0000000730000000| PB 0x0000000730000000| Complete 
| 358|0x0000000730200000, 0x0000000730400000, 0x0000000730400000|100%| E|CS|TAMS 0x0000000730200000| PB 0x0000000730200000| Complete 
| 359|0x0000000730400000, 0x0000000730600000, 0x0000000730600000|100%| E|CS|TAMS 0x0000000730400000| PB 0x0000000730400000| Complete 
| 360|0x0000000730600000, 0x0000000730800000, 0x0000000730800000|100%| E|CS|TAMS 0x0000000730600000| PB 0x0000000730600000| Complete 
| 361|0x0000000730800000, 0x0000000730a00000, 0x0000000730a00000|100%| E|CS|TAMS 0x0000000730800000| PB 0x0000000730800000| Complete 
| 362|0x0000000730a00000, 0x0000000730c00000, 0x0000000730c00000|100%| E|CS|TAMS 0x0000000730a00000| PB 0x0000000730a00000| Complete 
| 363|0x0000000730c00000, 0x0000000730e00000, 0x0000000730e00000|100%| E|CS|TAMS 0x0000000730c00000| PB 0x0000000730c00000| Complete 
| 364|0x0000000730e00000, 0x0000000731000000, 0x0000000731000000|100%| E|CS|TAMS 0x0000000730e00000| PB 0x0000000730e00000| Complete 
| 365|0x0000000731000000, 0x0000000731200000, 0x0000000731200000|100%| E|CS|TAMS 0x0000000731000000| PB 0x0000000731000000| Complete 
| 366|0x0000000731200000, 0x0000000731400000, 0x0000000731400000|100%| E|CS|TAMS 0x0000000731200000| PB 0x0000000731200000| Complete 
| 367|0x0000000731400000, 0x0000000731600000, 0x0000000731600000|100%| E|CS|TAMS 0x0000000731400000| PB 0x0000000731400000| Complete 
| 368|0x0000000731600000, 0x0000000731800000, 0x0000000731800000|100%| E|CS|TAMS 0x0000000731600000| PB 0x0000000731600000| Complete 
| 369|0x0000000731800000, 0x0000000731a00000, 0x0000000731a00000|100%| E|CS|TAMS 0x0000000731800000| PB 0x0000000731800000| Complete 
| 370|0x0000000731a00000, 0x0000000731c00000, 0x0000000731c00000|100%| E|CS|TAMS 0x0000000731a00000| PB 0x0000000731a00000| Complete 
| 371|0x0000000731c00000, 0x0000000731e00000, 0x0000000731e00000|100%| E|CS|TAMS 0x0000000731c00000| PB 0x0000000731c00000| Complete 
| 372|0x0000000731e00000, 0x0000000732000000, 0x0000000732000000|100%| E|CS|TAMS 0x0000000731e00000| PB 0x0000000731e00000| Complete 
| 373|0x0000000732000000, 0x0000000732200000, 0x0000000732200000|100%| E|CS|TAMS 0x0000000732000000| PB 0x0000000732000000| Complete 
| 374|0x0000000732200000, 0x0000000732400000, 0x0000000732400000|100%| E|CS|TAMS 0x0000000732200000| PB 0x0000000732200000| Complete 
| 375|0x0000000732400000, 0x0000000732600000, 0x0000000732600000|100%| E|CS|TAMS 0x0000000732400000| PB 0x0000000732400000| Complete 
| 376|0x0000000732600000, 0x0000000732800000, 0x0000000732800000|100%| E|CS|TAMS 0x0000000732600000| PB 0x0000000732600000| Complete 
| 377|0x0000000732800000, 0x0000000732a00000, 0x0000000732a00000|100%| E|CS|TAMS 0x0000000732800000| PB 0x0000000732800000| Complete 
| 378|0x0000000732a00000, 0x0000000732c00000, 0x0000000732c00000|100%| E|CS|TAMS 0x0000000732a00000| PB 0x0000000732a00000| Complete 
| 379|0x0000000732c00000, 0x0000000732e00000, 0x0000000732e00000|100%| E|CS|TAMS 0x0000000732c00000| PB 0x0000000732c00000| Complete 

Card table byte_map: [0x0000022473550000,0x0000022473d40000] _byte_map_base: 0x000002246fd35000

Marking Bits: (CMBitMap*) 0x000002246a5edb60
 Bits: [0x0000022473d40000, 0x0000022477c68000)

Polling page: 0x0000022468730000

Metaspace:

Usage:
  Non-class:     16.98 MB used.
      Class:      2.11 MB used.
       Both:     19.09 MB used.

Virtual space:
  Non-class space:       64.00 MB reserved,      17.12 MB ( 27%) committed,  1 nodes.
      Class space:        1.00 GB reserved,       2.31 MB ( <1%) committed,  1 nodes.
             Both:        1.06 GB reserved,      19.44 MB (  2%) committed. 

Chunk freelists:
   Non-Class:  14.15 MB
       Class:  13.55 MB
        Both:  27.70 MB

MaxMetaspaceSize: unlimited
CompressedClassSpaceSize: 1.00 GB
Initial GC threshold: 21.00 MB
Current GC threshold: 32.31 MB
CDS: on
 - commit_granule_bytes: 65536.
 - commit_granule_words: 8192.
 - virtual_space_node_default_size: 8388608.
 - enlarge_chunks_in_place: 1.
 - use_allocation_guard: 0.


Internal statistics:

num_allocs_failed_limit: 0.
num_arena_births: 318.
num_arena_deaths: 0.
num_vsnodes_births: 2.
num_vsnodes_deaths: 0.
num_space_committed: 311.
num_space_uncommitted: 0.
num_chunks_returned_to_freelist: 0.
num_chunks_taken_from_freelist: 853.
num_chunk_merges: 0.
num_chunk_splits: 584.
num_chunks_enlarged: 423.
num_inconsistent_stats: 0.

CodeHeap 'non-profiled nmethods': size=120000Kb used=2673Kb max_used=3138Kb free=117326Kb
 bounds [0x0000022407ad0000, 0x0000022407df0000, 0x000002240f000000]
CodeHeap 'profiled nmethods': size=120000Kb used=5253Kb max_used=7646Kb free=114746Kb
 bounds [0x0000022400000000, 0x0000022400780000, 0x0000022407530000]
CodeHeap 'non-nmethods': size=5760Kb used=1731Kb max_used=1777Kb free=4028Kb
 bounds [0x0000022407530000, 0x00000224077a0000, 0x0000022407ad0000]
 total_blobs=3789 nmethods=3173 adapters=519
 compilation: enabled
              stopped_count=0, restarted_count=0
 full_count=0

Compilation events (20 events):
Event: 106.370 Thread 0x000002247a6df000 4061       3       java.lang.invoke.LambdaForm$Name::internArguments (62 bytes)
Event: 106.371 Thread 0x000002247a6df000 nmethod 4061 0x000002240006c110 code [0x000002240006c300, 0x000002240006c9e0]
Event: 107.382 Thread 0x000002247a6df000 4062       3       jdk.internal.org.objectweb.asm.Frame::setInputFrameFromDescriptor (175 bytes)
Event: 107.383 Thread 0x000002247a6df000 nmethod 4062 0x000002240049af10 code [0x000002240049b140, 0x000002240049b940]
Event: 107.383 Thread 0x000002247a6df000 4065       3       java.lang.invoke.LambdaForm::create (95 bytes)
Event: 107.384 Thread 0x000002247a6df000 nmethod 4065 0x000002240011bc10 code [0x000002240011be20, 0x000002240011c420]
Event: 108.390 Thread 0x000002247a6df000 4067       3       java.lang.invoke.InvokerBytecodeGenerator::lookupPregenerated (294 bytes)
Event: 109.392 Thread 0x000002247a6df000 nmethod 4067 0x00000224002f6310 code [0x00000224002f66a0, 0x00000224002f7bb0]
Event: 109.397 Thread 0x000002247a6df000 4070   !   3       java.util.Formatter::format (284 bytes)
Event: 109.398 Thread 0x000002247a6df000 nmethod 4070 0x00000224005f3110 code [0x00000224005f3460, 0x00000224005f4970]
Event: 109.398 Thread 0x000002247a6df000 4071       1       javax.management.ObjectName$Property::setKeyIndex (6 bytes)
Event: 109.398 Thread 0x000002247a6df000 nmethod 4071 0x0000022407ad9590 code [0x0000022407ad9720, 0x0000022407ad97e8]
Event: 110.408 Thread 0x000002247a6df000 4073       3       jdk.internal.org.objectweb.asm.ClassWriter::<init> (73 bytes)
Event: 110.409 Thread 0x000002247a6df000 nmethod 4073 0x0000022400034c10 code [0x0000022400034e00, 0x00000224000352b0]
Event: 110.409 Thread 0x000002247a6df000 4074       3       java.util.concurrent.ConcurrentHashMap::values (25 bytes)
Event: 110.409 Thread 0x000002247a6df000 nmethod 4074 0x000002240030b490 code [0x000002240030b660, 0x000002240030ba10]
Event: 110.409 Thread 0x000002247a6df000 4075       3       java.util.concurrent.ConcurrentHashMap$ValuesView::iterator (34 bytes)
Event: 110.410 Thread 0x000002247a6df000 nmethod 4075 0x0000022400035790 code [0x0000022400035940, 0x0000022400035b78]
Event: 110.410 Thread 0x000002247a6df000 4076       3       java.util.concurrent.ConcurrentHashMap$ValueIterator::<init> (12 bytes)
Event: 110.410 Thread 0x000002247a6df000 nmethod 4076 0x000002240000e510 code [0x000002240000e6c0, 0x000002240000e7f8]

GC Heap History (20 events):
Event: 30.525 GC heap before
{Heap before GC invocations=35 (full 0):
 garbage-first heap   total 778240K, used 707804K [0x0000000703600000, 0x0000000800000000)
  region size 2048K, 218 young (446464K), 15 survivors (30720K)
 Metaspace       used 19483K, committed 19840K, reserved 1114112K
  class space    used 2154K, committed 2304K, reserved 1048576K
}
Event: 30.587 GC heap after
{Heap after GC invocations=36 (full 0):
 garbage-first heap   total 778240K, used 326685K [0x0000000703600000, 0x0000000800000000)
  region size 2048K, 28 young (57344K), 28 survivors (57344K)
 Metaspace       used 19483K, committed 19840K, reserved 1114112K
  class space    used 2154K, committed 2304K, reserved 1048576K
}
Event: 37.993 GC heap before
{Heap before GC invocations=36 (full 0):
 garbage-first heap   total 778240K, used 680989K [0x0000000703600000, 0x0000000800000000)
  region size 2048K, 201 young (411648K), 28 survivors (57344K)
 Metaspace       used 19484K, committed 19840K, reserved 1114112K
  class space    used 2154K, committed 2304K, reserved 1048576K
}
Event: 38.033 GC heap after
{Heap after GC invocations=37 (full 0):
 garbage-first heap   total 778240K, used 339968K [0x0000000703600000, 0x0000000800000000)
  region size 2048K, 5 young (10240K), 5 survivors (10240K)
 Metaspace       used 19484K, committed 19840K, reserved 1114112K
  class space    used 2154K, committed 2304K, reserved 1048576K
}
Event: 45.392 GC heap before
{Heap before GC invocations=37 (full 0):
 garbage-first heap   total 778240K, used 727040K [0x0000000703600000, 0x0000000800000000)
  region size 2048K, 195 young (399360K), 5 survivors (10240K)
 Metaspace       used 19493K, committed 19840K, reserved 1114112K
  class space    used 2154K, committed 2304K, reserved 1048576K
}
Event: 45.415 GC heap after
{Heap after GC invocations=38 (full 0):
 garbage-first heap   total 778240K, used 352645K [0x0000000703600000, 0x0000000800000000)
  region size 2048K, 12 young (24576K), 12 survivors (24576K)
 Metaspace       used 19493K, committed 19840K, reserved 1114112K
  class space    used 2154K, committed 2304K, reserved 1048576K
}
Event: 53.893 GC heap before
{Heap before GC invocations=38 (full 0):
 garbage-first heap   total 778240K, used 713093K [0x0000000703600000, 0x0000000800000000)
  region size 2048K, 188 young (385024K), 12 survivors (24576K)
 Metaspace       used 19500K, committed 19840K, reserved 1114112K
  class space    used 2154K, committed 2304K, reserved 1048576K
}
Event: 53.927 GC heap after
{Heap after GC invocations=39 (full 0):
 garbage-first heap   total 778240K, used 372736K [0x0000000703600000, 0x0000000800000000)
  region size 2048K, 21 young (43008K), 21 survivors (43008K)
 Metaspace       used 19500K, committed 19840K, reserved 1114112K
  class space    used 2154K, committed 2304K, reserved 1048576K
}
Event: 61.888 GC heap before
{Heap before GC invocations=39 (full 0):
 garbage-first heap   total 778240K, used 696320K [0x0000000703600000, 0x0000000800000000)
  region size 2048K, 179 young (366592K), 21 survivors (43008K)
 Metaspace       used 19504K, committed 19840K, reserved 1114112K
  class space    used 2154K, committed 2304K, reserved 1048576K
}
Event: 61.920 GC heap after
{Heap after GC invocations=40 (full 0):
 garbage-first heap   total 778240K, used 377943K [0x0000000703600000, 0x0000000800000000)
  region size 2048K, 14 young (28672K), 14 survivors (28672K)
 Metaspace       used 19504K, committed 19840K, reserved 1114112K
  class space    used 2154K, committed 2304K, reserved 1048576K
}
Event: 62.097 GC heap before
{Heap before GC invocations=40 (full 0):
 garbage-first heap   total 778240K, used 382039K [0x0000000703600000, 0x0000000800000000)
  region size 2048K, 17 young (34816K), 14 survivors (28672K)
 Metaspace       used 19504K, committed 19840K, reserved 1114112K
  class space    used 2154K, committed 2304K, reserved 1048576K
}
Event: 62.117 GC heap after
{Heap after GC invocations=41 (full 0):
 garbage-first heap   total 778240K, used 380491K [0x0000000703600000, 0x0000000800000000)
  region size 2048K, 4 young (8192K), 4 survivors (8192K)
 Metaspace       used 19504K, committed 19840K, reserved 1114112K
  class space    used 2154K, committed 2304K, reserved 1048576K
}
Event: 70.213 GC heap before
{Heap before GC invocations=42 (full 0):
 garbage-first heap   total 778240K, used 734795K [0x0000000703600000, 0x0000000800000000)
  region size 2048K, 175 young (358400K), 4 survivors (8192K)
 Metaspace       used 19504K, committed 19840K, reserved 1114112K
  class space    used 2154K, committed 2304K, reserved 1048576K
}
Event: 70.239 GC heap after
{Heap after GC invocations=43 (full 0):
 garbage-first heap   total 778240K, used 402099K [0x0000000703600000, 0x0000000800000000)
  region size 2048K, 13 young (26624K), 13 survivors (26624K)
 Metaspace       used 19504K, committed 19840K, reserved 1114112K
  class space    used 2154K, committed 2304K, reserved 1048576K
}
Event: 77.356 GC heap before
{Heap before GC invocations=43 (full 0):
 garbage-first heap   total 778240K, used 711347K [0x0000000703600000, 0x0000000800000000)
  region size 2048K, 164 young (335872K), 13 survivors (26624K)
 Metaspace       used 19504K, committed 19840K, reserved 1114112K
  class space    used 2154K, committed 2304K, reserved 1048576K
}
Event: 77.392 GC heap after
{Heap after GC invocations=44 (full 0):
 garbage-first heap   total 778240K, used 411512K [0x0000000703600000, 0x0000000800000000)
  region size 2048K, 19 young (38912K), 19 survivors (38912K)
 Metaspace       used 19504K, committed 19840K, reserved 1114112K
  class space    used 2154K, committed 2304K, reserved 1048576K
}
Event: 85.396 GC heap before
{Heap before GC invocations=44 (full 0):
 garbage-first heap   total 778240K, used 698232K [0x0000000703600000, 0x0000000800000000)
  region size 2048K, 159 young (325632K), 19 survivors (38912K)
 Metaspace       used 19504K, committed 19840K, reserved 1114112K
  class space    used 2154K, committed 2304K, reserved 1048576K
}
Event: 85.433 GC heap after
{Heap after GC invocations=45 (full 0):
 garbage-first heap   total 778240K, used 418280K [0x0000000703600000, 0x0000000800000000)
  region size 2048K, 12 young (24576K), 12 survivors (24576K)
 Metaspace       used 19504K, committed 19840K, reserved 1114112K
  class space    used 2154K, committed 2304K, reserved 1048576K
}
Event: 94.941 GC heap before
{Heap before GC invocations=46 (full 0):
 garbage-first heap   total 778240K, used 713192K [0x0000000703600000, 0x0000000800000000)
  region size 2048K, 156 young (319488K), 12 survivors (24576K)
 Metaspace       used 19504K, committed 19840K, reserved 1114112K
  class space    used 2154K, committed 2304K, reserved 1048576K
}
Event: 94.967 GC heap after
{Heap after GC invocations=47 (full 0):
 garbage-first heap   total 778240K, used 424493K [0x0000000703600000, 0x0000000800000000)
  region size 2048K, 6 young (12288K), 6 survivors (12288K)
 Metaspace       used 19504K, committed 19840K, reserved 1114112K
  class space    used 2154K, committed 2304K, reserved 1048576K
}

Dll operation events (13 events):
Event: 0.020 Loaded shared library D:\Java\jdk-21\bin\java.dll
Event: 0.086 Loaded shared library D:\Java\jdk-21\bin\jsvml.dll
Event: 0.171 Loaded shared library D:\Java\jdk-21\bin\zip.dll
Event: 0.182 Loaded shared library D:\java\jdk-21\bin\instrument.dll
Event: 0.191 Loaded shared library D:\java\jdk-21\bin\net.dll
Event: 0.194 Loaded shared library D:\java\jdk-21\bin\nio.dll
Event: 0.201 Loaded shared library D:\java\jdk-21\bin\zip.dll
Event: 0.271 Loaded shared library D:\java\jdk-21\bin\extnet.dll
Event: 0.336 Loaded shared library D:\java\jdk-21\bin\jimage.dll
Event: 0.949 Loaded shared library D:\java\jdk-21\bin\management.dll
Event: 0.958 Loaded shared library D:\java\jdk-21\bin\management_ext.dll
Event: 4.081 Loaded shared library C:\Users\82475\AppData\Local\Temp\.gurobi\v12.0.3\win64\gurobi120.dll
Event: 4.083 Loaded shared library C:\Users\82475\AppData\Local\Temp\.gurobi\v12.0.3\win64\GurobiJni120.dll

Deoptimization events (20 events):
Event: 109.395 Thread 0x00000224504018e0 Uncommon trap: trap_request=0xffffff45 fr.pc=0x0000022407d717b8 relative=0x0000000000002cd8
Event: 109.395 Thread 0x00000224504018e0 Uncommon trap: reason=unstable_if action=reinterpret pc=0x0000022407d717b8 method=java.util.Formatter.parse(Ljava/lang/String;)Ljava/util/List; @ 34 c2
Event: 109.395 Thread 0x00000224504018e0 DEOPT PACKING pc=0x0000022407d717b8 sp=0x0000004c423fed60
Event: 109.395 Thread 0x00000224504018e0 DEOPT UNPACKING pc=0x0000022407587da2 sp=0x0000004c423fed50 mode 2
Event: 109.395 Thread 0x00000224504018e0 Uncommon trap: trap_request=0xffffffde fr.pc=0x0000022407d5ecf4 relative=0x00000000000005f4
Event: 109.395 Thread 0x00000224504018e0 Uncommon trap: reason=class_check action=maybe_recompile pc=0x0000022407d5ecf4 method=java.util.Formatter$FixedString.print(Ljava/util/Formatter;Ljava/lang/Object;Ljava/util/Locale;)V @ 16 c2
Event: 109.395 Thread 0x00000224504018e0 DEOPT PACKING pc=0x0000022407d5ecf4 sp=0x0000004c423fed90
Event: 109.395 Thread 0x00000224504018e0 DEOPT UNPACKING pc=0x0000022407587da2 sp=0x0000004c423fed58 mode 2
Event: 109.396 Thread 0x00000224504018e0 Uncommon trap: trap_request=0xffffffde fr.pc=0x0000022407d5cac4 relative=0x0000000000000764
Event: 109.396 Thread 0x00000224504018e0 Uncommon trap: reason=class_check action=maybe_recompile pc=0x0000022407d5cac4 method=java.util.Formatter$FormatSpecifier.appendJustified(Ljava/lang/Appendable;Ljava/lang/CharSequence;)V @ 10 c2
Event: 109.396 Thread 0x00000224504018e0 DEOPT PACKING pc=0x0000022407d5cac4 sp=0x0000004c423fed90
Event: 109.396 Thread 0x00000224504018e0 DEOPT UNPACKING pc=0x0000022407587da2 sp=0x0000004c423febf0 mode 2
Event: 109.396 Thread 0x00000224504018e0 Uncommon trap: trap_request=0xffffffde fr.pc=0x0000022407d5cac4 relative=0x0000000000000764
Event: 109.396 Thread 0x00000224504018e0 Uncommon trap: reason=class_check action=maybe_recompile pc=0x0000022407d5cac4 method=java.util.Formatter$FormatSpecifier.appendJustified(Ljava/lang/Appendable;Ljava/lang/CharSequence;)V @ 10 c2
Event: 109.396 Thread 0x00000224504018e0 DEOPT PACKING pc=0x0000022407d5cac4 sp=0x0000004c423fed80
Event: 109.396 Thread 0x00000224504018e0 DEOPT UNPACKING pc=0x0000022407587da2 sp=0x0000004c423febe0 mode 2
Event: 109.396 Thread 0x00000224504018e0 Uncommon trap: trap_request=0xffffffde fr.pc=0x0000022407d5f6fc relative=0x00000000000000bc
Event: 109.396 Thread 0x00000224504018e0 Uncommon trap: reason=class_check action=maybe_recompile pc=0x0000022407d5f6fc method=java.util.Formatter$FormatSpecifier.appendJustified(Ljava/lang/Appendable;Ljava/lang/CharSequence;)V @ 10 c2
Event: 109.396 Thread 0x00000224504018e0 DEOPT PACKING pc=0x0000022407d5f6fc sp=0x0000004c423feba0
Event: 109.396 Thread 0x00000224504018e0 DEOPT UNPACKING pc=0x0000022407587da2 sp=0x0000004c423feb18 mode 2

Classes loaded (20 events):
Event: 3.293 Loading class java/lang/FdLibm$Atan
Event: 3.294 Loading class java/lang/FdLibm$Atan done
Event: 4.135 Loading class java/util/LinkedList$Node
Event: 4.135 Loading class java/util/LinkedList$Node done
Event: 25.841 Loading class java/util/stream/DistinctOps
Event: 25.841 Loading class java/util/stream/DistinctOps done
Event: 25.841 Loading class java/util/stream/DistinctOps$1
Event: 25.841 Loading class java/util/stream/DistinctOps$1 done
Event: 25.842 Loading class java/util/stream/DistinctOps$1$2
Event: 25.842 Loading class java/util/stream/DistinctOps$1$2 done
Event: 27.507 Loading class java/util/ArrayList$SubList$1
Event: 27.507 Loading class java/util/ArrayList$SubList$1 done
Event: 27.511 Loading class jdk/internal/math/FormattedFPDecimal
Event: 27.511 Loading class jdk/internal/math/FormattedFPDecimal done
Event: 27.614 Loading class java/lang/foreign/MemorySegment
Event: 27.614 Loading class java/lang/foreign/MemorySegment done
Event: 107.382 Loading class java/lang/Throwable$WrappedPrintStream
Event: 107.382 Loading class java/lang/Throwable$PrintStreamOrWriter
Event: 107.382 Loading class java/lang/Throwable$PrintStreamOrWriter done
Event: 107.382 Loading class java/lang/Throwable$WrappedPrintStream done

Classes unloaded (0 events):
No events

Classes redefined (0 events):
No events

Internal exceptions (20 events):
Event: 1.770 Thread 0x0000022468314530 Exception <a 'java/lang/NoSuchMethodError'{0x0000000712b9d790}: 'void java.lang.invoke.DirectMethodHandle$Holder.invokeStatic(java.lang.Object, java.lang.Object, java.lang.Object, int)'> (0x0000000712b9d790) 
thrown [s\open\src\hotspot\share\interpreter\linkResolver.cpp, line 773]
Event: 1.770 Thread 0x0000022468314530 Exception <a 'java/lang/NoSuchMethodError'{0x0000000712ba0c70}: 'void java.lang.invoke.DirectMethodHandle$Holder.invokeStaticInit(java.lang.Object, java.lang.Object, java.lang.Object, int)'> (0x0000000712ba0c70) 
thrown [s\open\src\hotspot\share\interpreter\linkResolver.cpp, line 773]
Event: 1.817 Thread 0x0000022468314530 Exception <a 'java/lang/NoSuchMethodError'{0x0000000712834ab8}: 'void java.lang.invoke.DirectMethodHandle$Holder.invokeInterface(java.lang.Object, java.lang.Object, java.lang.Object)'> (0x0000000712834ab8) 
thrown [s\open\src\hotspot\share\interpreter\linkResolver.cpp, line 773]
Event: 1.952 Thread 0x0000022468314530 Exception <a 'java/lang/NoSuchMethodError'{0x0000000712722758}: 'java.lang.Object java.lang.invoke.DirectMethodHandle$Holder.invokeStatic(java.lang.Object, java.lang.Object, int, int)'> (0x0000000712722758) 
thrown [s\open\src\hotspot\share\interpreter\linkResolver.cpp, line 773]
Event: 1.952 Thread 0x0000022468314530 Exception <a 'java/lang/NoSuchMethodError'{0x0000000712725f48}: 'java.lang.Object java.lang.invoke.DirectMethodHandle$Holder.invokeStaticInit(java.lang.Object, java.lang.Object, int, int)'> (0x0000000712725f48) 
thrown [s\open\src\hotspot\share\interpreter\linkResolver.cpp, line 773]
Event: 2.153 Thread 0x0000022468314530 Implicit null exception at 0x0000022407b53d09 to 0x0000022407b54588
Event: 2.248 Thread 0x0000022468314530 Exception <a 'java/lang/NoSuchMethodError'{0x0000000711e710c8}: 'java.lang.Object java.lang.invoke.DirectMethodHandle$Holder.newInvokeSpecial(java.lang.Object, java.lang.Object, int, java.lang.Object)'> (0x0000000711e710c8) 
thrown [s\open\src\hotspot\share\interpreter\linkResolver.cpp, line 773]
Event: 2.249 Thread 0x0000022468314530 Exception <a 'java/lang/NoSuchMethodError'{0x0000000711e74e78}: 'java.lang.Object java.lang.invoke.DirectMethodHandle$Holder.invokeSpecial(java.lang.Object, java.lang.Object, java.lang.Object, int, java.lang.Object)'> (0x0000000711e74e78) 
thrown [s\open\src\hotspot\share\interpreter\linkResolver.cpp, line 773]
Event: 2.255 Thread 0x0000022468314530 Exception <a 'java/lang/NoSuchMethodError'{0x0000000711eb3240}: 'void java.lang.invoke.DirectMethodHandle$Holder.invokeSpecial(java.lang.Object, java.lang.Object, java.lang.Object, java.lang.Object, java.lang.Object)'> (0x0000000711eb3240) 
thrown [s\open\src\hotspot\share\interpreter\linkResolver.cpp, line 773]
Event: 2.259 Thread 0x0000022468314530 Exception <a 'java/lang/NoSuchMethodError'{0x0000000711ed0b50}: 'void java.lang.invoke.DirectMethodHandle$Holder.invokeVirtual(java.lang.Object, java.lang.Object)'> (0x0000000711ed0b50) 
thrown [s\open\src\hotspot\share\interpreter\linkResolver.cpp, line 773]
Event: 2.848 Thread 0x0000022468314530 Exception <a 'java/lang/NoSuchMethodError'{0x0000000710326ee0}: 'java.lang.Object java.lang.invoke.DirectMethodHandle$Holder.invokeVirtual(java.lang.Object, java.lang.Object, int)'> (0x0000000710326ee0) 
thrown [s\open\src\hotspot\share\interpreter\linkResolver.cpp, line 773]
Event: 2.849 Thread 0x0000022468314530 Exception <a 'java/lang/NoSuchMethodError'{0x000000071032dc28}: 'void java.lang.invoke.DirectMethodHandle$Holder.invokeVirtual(java.lang.Object, java.lang.Object, int, java.lang.Object)'> (0x000000071032dc28) 
thrown [s\open\src\hotspot\share\interpreter\linkResolver.cpp, line 773]
Event: 2.850 Thread 0x0000022468314530 Exception <a 'java/lang/NoSuchMethodError'{0x0000000710337388}: 'void java.lang.invoke.DirectMethodHandle$Holder.invokeVirtual(java.lang.Object, java.lang.Object, int)'> (0x0000000710337388) 
thrown [s\open\src\hotspot\share\interpreter\linkResolver.cpp, line 773]
Event: 2.851 Thread 0x0000022468314530 Exception <a 'java/lang/NoSuchMethodError'{0x000000071033d6c8}: 'int java.lang.invoke.DirectMethodHandle$Holder.invokeVirtual(java.lang.Object, java.lang.Object)'> (0x000000071033d6c8) 
thrown [s\open\src\hotspot\share\interpreter\linkResolver.cpp, line 773]
Event: 3.469 Thread 0x0000022468314530 Implicit null exception at 0x0000022407bf7e12 to 0x0000022407bf7fb8
Event: 25.842 Thread 0x0000022468314530 Exception <a 'java/lang/NoSuchMethodError'{0x000000072f9ec0b8}: 'int java.lang.invoke.DirectMethodHandle$Holder.invokeSpecial(java.lang.Object, java.lang.Object, java.lang.Object, java.lang.Object)'> (0x000000072f9ec0b8) 
thrown [s\open\src\hotspot\share\interpreter\linkResolver.cpp, line 773]
Event: 44.554 Thread 0x0000022468314530 Implicit null exception at 0x0000022407c9161b to 0x0000022407c92a40
Event: 44.554 Thread 0x0000022468314530 Implicit null exception at 0x0000022407c93d88 to 0x0000022407c952c4
Event: 44.554 Thread 0x0000022468314530 Implicit null exception at 0x0000022407c8e8b8 to 0x0000022407c8f9a8
Event: 108.392 Thread 0x0000022468314530 Implicit null exception at 0x0000022407d87fe6 to 0x0000022407d88304

ZGC Phase Switch (0 events):
No events

VM Operations (20 events):
Event: 62.117 Executing VM operation: G1TryInitiateConcMark (G1 Humongous Allocation) done
Event: 62.707 Executing VM operation: G1PauseRemark
Event: 62.714 Executing VM operation: G1PauseRemark done
Event: 63.042 Executing VM operation: G1PauseCleanup
Event: 63.043 Executing VM operation: G1PauseCleanup done
Event: 70.213 Executing VM operation: G1CollectForAllocation (G1 Evacuation Pause)
Event: 70.240 Executing VM operation: G1CollectForAllocation (G1 Evacuation Pause) done
Event: 77.356 Executing VM operation: G1CollectForAllocation (G1 Evacuation Pause)
Event: 77.392 Executing VM operation: G1CollectForAllocation (G1 Evacuation Pause) done
Event: 85.396 Executing VM operation: G1CollectForAllocation (G1 Evacuation Pause)
Event: 85.433 Executing VM operation: G1CollectForAllocation (G1 Evacuation Pause) done
Event: 86.015 Executing VM operation: G1PauseRemark
Event: 86.019 Executing VM operation: G1PauseRemark done
Event: 86.313 Executing VM operation: G1PauseCleanup
Event: 86.313 Executing VM operation: G1PauseCleanup done
Event: 94.941 Executing VM operation: G1CollectForAllocation (G1 Evacuation Pause)
Event: 94.967 Executing VM operation: G1CollectForAllocation (G1 Evacuation Pause) done
Event: 98.987 Executing VM operation: Cleanup
Event: 99.277 Executing VM operation: Cleanup done
Event: 111.383 Executing VM operation: Cleanup

Events (20 events):
Event: 86.019 Thread 0x000002247a695f00 flushing nmethod 0x0000022400666510
Event: 86.019 Thread 0x000002247a695f00 flushing nmethod 0x0000022400666e10
Event: 86.019 Thread 0x000002247a695f00 flushing nmethod 0x0000022400667d10
Event: 86.019 Thread 0x000002247a695f00 flushing nmethod 0x000002240066a190
Event: 86.019 Thread 0x000002247a695f00 flushing nmethod 0x000002240066c710
Event: 86.019 Thread 0x000002247a695f00 flushing nmethod 0x000002240066db90
Event: 86.019 Thread 0x000002247a695f00 flushing nmethod 0x000002240066f890
Event: 86.019 Thread 0x000002247a695f00 flushing nmethod 0x0000022400670290
Event: 86.019 Thread 0x000002247a695f00 flushing nmethod 0x0000022400670710
Event: 86.019 Thread 0x000002247a695f00 flushing nmethod 0x0000022400670d10
Event: 86.019 Thread 0x000002247a695f00 flushing nmethod 0x0000022400671390
Event: 86.019 Thread 0x000002247a695f00 flushing nmethod 0x0000022400705d10
Event: 86.019 Thread 0x000002247a695f00 flushing nmethod 0x000002240070c910
Event: 86.019 Thread 0x000002247a695f00 flushing nmethod 0x000002240070d590
Event: 105.354 Thread 0x000002247a6dfda0 Thread added: 0x000002247a6dfda0
Event: 109.392 Thread 0x0000022468314530 Thread exited: 0x0000022468314530
Event: 109.392 Thread 0x00000224503ff810 Thread added: 0x00000224503ff810
Event: 109.393 Thread 0x00000224504018e0 Thread added: 0x00000224504018e0
Event: 109.393 Thread 0x0000022450400530 Thread added: 0x0000022450400530
Event: 109.394 Thread 0x0000022450400530 Thread exited: 0x0000022450400530


Dynamic libraries:
0x00007ff793570000 - 0x00007ff793580000 	D:\Java\jdk-21\bin\java.exe
0x00007ffa1a7a0000 - 0x00007ffa1aa07000 	C:\WINDOWS\SYSTEM32\ntdll.dll
0x00007ffa19670000 - 0x00007ffa19739000 	C:\WINDOWS\System32\KERNEL32.DLL
0x00007ffa178f0000 - 0x00007ffa17cdf000 	C:\WINDOWS\System32\KERNELBASE.dll
0x00007ffa17fb0000 - 0x00007ffa180fb000 	C:\WINDOWS\System32\ucrtbase.dll
0x00007ffa137b0000 - 0x00007ffa137c9000 	D:\Java\jdk-21\bin\jli.dll
0x00007ffa13790000 - 0x00007ffa137ab000 	D:\Java\jdk-21\bin\VCRUNTIME140.dll
0x00007ffa18bb0000 - 0x00007ffa18c64000 	C:\WINDOWS\System32\ADVAPI32.dll
0x00007ffa18cc0000 - 0x00007ffa18d69000 	C:\WINDOWS\System32\msvcrt.dll
0x00007ffa1a3c0000 - 0x00007ffa1a466000 	C:\WINDOWS\System32\sechost.dll
0x00007ffa18df0000 - 0x00007ffa18f08000 	C:\WINDOWS\System32\RPCRT4.dll
0x00007ffa18540000 - 0x00007ffa18705000 	C:\WINDOWS\System32\USER32.dll
0x00007ffa17f80000 - 0x00007ffa17fa7000 	C:\WINDOWS\System32\win32u.dll
0x00007ffa18710000 - 0x00007ffa1873b000 	C:\WINDOWS\System32\GDI32.dll
0x00007ffa17da0000 - 0x00007ffa17ecc000 	C:\WINDOWS\System32\gdi32full.dll
0x00007ffa17cf0000 - 0x00007ffa17d93000 	C:\WINDOWS\System32\msvcp_win.dll
0x00007ff9f5450000 - 0x00007ff9f56e3000 	C:\WINDOWS\WinSxS\amd64_microsoft.windows.common-controls_6595b64144ccf1df_6.0.26100.7309_none_3e05feeae336a044\COMCTL32.dll
0x00007ffa00920000 - 0x00007ffa0092b000 	C:\WINDOWS\SYSTEM32\VERSION.dll
0x00007ffa1a4a0000 - 0x00007ffa1a4d1000 	C:\WINDOWS\System32\IMM32.DLL
0x00007ffa122c0000 - 0x00007ffa122cc000 	D:\Java\jdk-21\bin\vcruntime140_1.dll
0x00007ffa060d0000 - 0x00007ffa0615e000 	D:\Java\jdk-21\bin\msvcp140.dll
0x00007ff9a9a70000 - 0x00007ff9aa78d000 	D:\Java\jdk-21\bin\server\jvm.dll
0x00007ffa18d70000 - 0x00007ffa18de4000 	C:\WINDOWS\System32\WS2_32.dll
0x00007ffa17750000 - 0x00007ffa177ae000 	C:\WINDOWS\SYSTEM32\POWRPROF.dll
0x00007ff9f7570000 - 0x00007ff9f75a5000 	C:\WINDOWS\SYSTEM32\WINMM.dll
0x00007ffa17730000 - 0x00007ffa17744000 	C:\WINDOWS\SYSTEM32\UMPDC.dll
0x00007ffa166a0000 - 0x00007ffa166bb000 	C:\WINDOWS\SYSTEM32\kernel.appcore.dll
0x00007ffa122b0000 - 0x00007ffa122ba000 	D:\Java\jdk-21\bin\jimage.dll
0x00007ffa14cc0000 - 0x00007ffa14f02000 	C:\WINDOWS\SYSTEM32\DBGHELP.DLL
0x00007ffa18820000 - 0x00007ffa18ba5000 	C:\WINDOWS\System32\combase.dll
0x00007ffa1a2d0000 - 0x00007ffa1a3a6000 	C:\WINDOWS\System32\OLEAUT32.dll
0x00007ff9faa10000 - 0x00007ff9faa4c000 	C:\WINDOWS\SYSTEM32\dbgcore.DLL
0x00007ffa17ed0000 - 0x00007ffa17f75000 	C:\WINDOWS\System32\bcryptPrimitives.dll
0x00007ffa122a0000 - 0x00007ffa122af000 	D:\Java\jdk-21\bin\instrument.dll
0x00007ffa07450000 - 0x00007ffa0746f000 	D:\Java\jdk-21\bin\java.dll
0x00007ffa18f10000 - 0x00007ffa19663000 	C:\WINDOWS\System32\SHELL32.dll
0x00007ffa18250000 - 0x00007ffa183ba000 	C:\WINDOWS\System32\wintypes.dll
0x00007ffa154c0000 - 0x00007ffa15d1e000 	C:\WINDOWS\SYSTEM32\windows.storage.dll
0x00007ffa19740000 - 0x00007ffa19835000 	C:\WINDOWS\System32\SHCORE.dll
0x00007ffa1a080000 - 0x00007ffa1a0e6000 	C:\WINDOWS\System32\shlwapi.dll
0x00007ffa17810000 - 0x00007ffa17839000 	C:\WINDOWS\SYSTEM32\profapi.dll
0x00007ff9fb8e0000 - 0x00007ff9fb9b7000 	D:\Java\jdk-21\bin\jsvml.dll
0x00007ffa07430000 - 0x00007ffa07448000 	D:\Java\jdk-21\bin\zip.dll
0x00007ffa100a0000 - 0x00007ffa100b0000 	D:\java\jdk-21\bin\net.dll
0x00007ffa0e380000 - 0x00007ffa0e4a8000 	C:\WINDOWS\SYSTEM32\WINHTTP.dll
0x00007ffa16c10000 - 0x00007ffa16c7b000 	C:\WINDOWS\system32\mswsock.dll
0x00007ffa07390000 - 0x00007ffa073a6000 	D:\java\jdk-21\bin\nio.dll
0x00007ffa07100000 - 0x00007ffa07109000 	D:\java\jdk-21\bin\extnet.dll
0x00007ffa070e0000 - 0x00007ffa070ea000 	D:\java\jdk-21\bin\management.dll
0x00007ffa069b0000 - 0x00007ffa069bb000 	D:\java\jdk-21\bin\management_ext.dll
0x00007ffa1a200000 - 0x00007ffa1a208000 	C:\WINDOWS\System32\PSAPI.DLL
0x00007ff9eec10000 - 0x00007ff9eec28000 	C:\WINDOWS\system32\napinsp.dll
0x00007ffa16150000 - 0x00007ffa1627c000 	C:\WINDOWS\SYSTEM32\DNSAPI.dll
0x00007ffa16110000 - 0x00007ffa16144000 	C:\WINDOWS\SYSTEM32\IPHLPAPI.DLL
0x00007ffa1a3b0000 - 0x00007ffa1a3ba000 	C:\WINDOWS\System32\NSI.dll
0x00007ff9eee10000 - 0x00007ff9eee22000 	C:\WINDOWS\System32\winrnr.dll
0x00007ff9eeda0000 - 0x00007ff9eedc2000 	C:\WINDOWS\system32\nlansp_c.dll
0x00007ffa08b10000 - 0x00007ffa08b26000 	C:\WINDOWS\system32\wshbth.dll
0x00007ffa08ae0000 - 0x00007ffa08aeb000 	C:\Windows\System32\rasadhlp.dll
0x00007ffa10890000 - 0x00007ffa10916000 	C:\WINDOWS\System32\fwpuclnt.dll
0x00007ff8dfdf0000 - 0x00007ff8e225e000 	C:\Users\82475\AppData\Local\Temp\.gurobi\v12.0.3\win64\gurobi120.dll
0x00007ffa183c0000 - 0x00007ffa18537000 	C:\WINDOWS\System32\CRYPT32.dll
0x00007ffa187a0000 - 0x00007ffa18814000 	C:\WINDOWS\System32\WLDAP32.dll
0x00007ffa1a0f0000 - 0x00007ffa1a0f8000 	C:\WINDOWS\System32\Normaliz.dll
0x00007ffa177e0000 - 0x00007ffa1780a000 	C:\WINDOWS\SYSTEM32\bcrypt.dll
0x00007ff999eb0000 - 0x00007ff999ee4000 	C:\Users\82475\AppData\Local\Temp\.gurobi\v12.0.3\win64\GurobiJni120.dll
0x00007ffa16940000 - 0x00007ffa16989000 	C:\WINDOWS\SYSTEM32\SspiCli.dll

dbghelp: loaded successfully - version: 4.0.5 - missing functions: none
symbol engine: initialized successfully - sym options: 0x614 - pdb path: .;D:\Java\jdk-21\bin;C:\WINDOWS\SYSTEM32;C:\WINDOWS\WinSxS\amd64_microsoft.windows.common-controls_6595b64144ccf1df_6.0.26100.7309_none_3e05feeae336a044;D:\Java\jdk-21\bin\server;C:\Users\82475\AppData\Local\Temp\.gurobi\v12.0.3\win64

VM Arguments:
jvm_args: -javaagent:D:\IntelliJ IDEA 2025.2.3\lib\idea_rt.jar=1279 -Dfile.encoding=UTF-8 -Dsun.stdout.encoding=UTF-8 -Dsun.stderr.encoding=UTF-8 
java_command: CGTest
java_class_path (initial): D:\part3_java_project\target\test-classes;D:\part3_java_project\target\classes;C:\Users\82475\.m2\repository\org\projectlombok\lombok\1.18.30\lombok-1.18.30.jar;C:\Users\82475\.m2\repository\com\gurobi\gurobi\12.0.3\gurobi-12.0.3.jar;C:\Users\82475\.m2\repository\org\apache\poi\poi-ooxml\5.2.4\poi-ooxml-5.2.4.jar;C:\Users\82475\.m2\repository\org\apache\poi\poi\5.2.4\poi-5.2.4.jar;C:\Users\82475\.m2\repository\commons-codec\commons-codec\1.16.0\commons-codec-1.16.0.jar;C:\Users\82475\.m2\repository\org\apache\commons\commons-math3\3.6.1\commons-math3-3.6.1.jar;C:\Users\82475\.m2\repository\com\zaxxer\SparseBitSet\1.3\SparseBitSet-1.3.jar;C:\Users\82475\.m2\repository\org\apache\poi\poi-ooxml-lite\5.2.4\poi-ooxml-lite-5.2.4.jar;C:\Users\82475\.m2\repository\org\apache\xmlbeans\xmlbeans\5.1.1\xmlbeans-5.1.1.jar;C:\Users\82475\.m2\repository\org\apache\commons\commons-compress\1.24.0\commons-compress-1.24.0.jar;C:\Users\82475\.m2\repository\commons-io\commons-io\2.13.0\commons-io-2.13.0.jar;C:\Users\82475\.m2\repository\com\github\virtuald\curvesapi\1.08\curvesapi-1.08.jar;C:\Users\82475\.m2\repository\org\apache\logging\log4j\log4j-api\2.20.0\log4j-api-2.20.0.jar;C:\Users\82475\.m2\repository\org\apache\commons\commons-collections4\4.4\commons-collections4-4.4.jar;C:\Users\82475\.m2\repository\org\apache\logging\log4j\log4j-core\2.20.0\log4j-core-2.20.0.jar;C:\Users\82475\.m2\repository\com\google\code\gson\gson\2.10.1\gson-2.10.1.jar
Launcher Type: SUN_STANDARD

[Global flags]
     intx CICompilerCount                          = 4                                         {product} {ergonomic}
     uint ConcGCThreads                            = 2                                         {product} {ergonomic}
     uint G1ConcRefinementThreads                  = 8                                         {product} {ergonomic}
   size_t G1HeapRegionSize                         = 2097152                                   {product} {ergonomic}
    uintx GCDrainStackTargetSize                   = 64                                        {product} {ergonomic}
   size_t InitialHeapSize                          = 266338304                                 {product} {ergonomic}
   size_t MarkStackSize                            = 4194304                                   {product} {ergonomic}
   size_t MaxHeapSize                              = 4238344192                                {product} {ergonomic}
   size_t MaxNewSize                               = 2541748224                                {product} {ergonomic}
   size_t MinHeapDeltaBytes                        = 2097152                                   {product} {ergonomic}
   size_t MinHeapSize                              = 8388608                                   {product} {ergonomic}
    uintx NonNMethodCodeHeapSize                   = 5839372                                {pd product} {ergonomic}
    uintx NonProfiledCodeHeapSize                  = 122909434                              {pd product} {ergonomic}
    uintx ProfiledCodeHeapSize                     = 122909434                              {pd product} {ergonomic}
    uintx ReservedCodeCacheSize                    = 251658240                              {pd product} {ergonomic}
     bool SegmentedCodeCache                       = true                                      {product} {ergonomic}
   size_t SoftMaxHeapSize                          = 4238344192                             {manageable} {ergonomic}
     bool UseCompressedOops                        = true                           {product lp64_product} {ergonomic}
     bool UseG1GC                                  = true                                      {product} {ergonomic}
     bool UseLargePagesIndividualAllocation        = false                                  {pd product} {ergonomic}

Logging:
Log output configuration:
 #0: stdout all=warning uptime,level,tags foldmultilines=false
 #1: stderr all=off uptime,level,tags foldmultilines=false

Environment Variables:
JAVA_HOME=D:\java\jdk-25
PATH=C:\Program Files\Common Files\Oracle\Java\javapath;D:\gurobi1203\win64\bin;C:\Program Files (x86)\Common Files\Oracle\Java\java8path;C:\Program Files (x86)\Common Files\Oracle\Java\javapath;C:\Windows\System32\HWAudioDriverLibs;C:\Windows\system32;C:\Windows;C:\Windows\System32\Wbem;C:\Windows\System32\WindowsPowerShell\v1.0\;C:\Windows\System32\OpenSSH\;C:\Users\Administrator\AppData\Local\Microsoft\WindowsApps;C:\WINDOWS\system32;C:\WINDOWS;C:\WINDOWS\System32\Wbem;C:\WINDOWS\System32\WindowsPowerShell\v1.0\;C:\WINDOWS\System32\OpenSSH\;C:\Program Files\Git\cmd;C:\Program Files\Git\bin;%MAVEN_HOME%\bin;D:\apache-maven-3.9.11\bin;D:\java\jdk-25\bin;%JAVA_HOME%\bin;C:\Users\82475\AppData\Local\Programs\Python\Python313\Scripts\;C:\Users\82475\AppData\Local\Programs\Python\Python313\;C:\Users\82475\AppData\Local\Microsoft\WindowsApps;D:\PyCharm 2025.2.0.1\bin;D:\IntelliJ IDEA 2025.2.3\bin;C:\Users\82475\AppData\Local\GitHubDesktop\bin
USERNAME=82475
OS=Windows_NT
PROCESSOR_IDENTIFIER=Intel64 Family 6 Model 140 Stepping 1, GenuineIntel
TMP=C:\Users\82475\AppData\Local\Temp
TEMP=C:\Users\82475\AppData\Local\Temp




Periodic native trim disabled

---------------  S Y S T E M  ---------------

OS:
 Windows 11 , 64 bit Build 26100 (10.0.26100.7309)
OS uptime: 2 days 20:24 hours
Hyper-V role detected

CPU: total 8 (initial active 8) (4 cores per cpu, 2 threads per core) family 6 model 140 stepping 1 microcode 0x86, cx8, cmov, fxsr, ht, mmx, 3dnowpref, sse, sse2, sse3, ssse3, sse4.1, sse4.2, popcnt, lzcnt, tsc, tscinvbit, avx, avx2, aes, erms, clmul, bmi1, bmi2, adx, avx512f, avx512dq, avx512cd, avx512bw, avx512vl, sha, fma, vzeroupper, avx512_vpopcntdq, avx512_vpclmulqdq, avx512_vaes, avx512_vnni, clflush, clflushopt, clwb, avx512_vbmi2, avx512_vbmi, hv, rdtscp, rdpid, fsrm, gfni, avx512_bitalg, f16c, cet_ibt, cet_ss, avx512_ifma
Processor Information for all 8 processors :
  Max Mhz: 1805, Current Mhz: 1103, Mhz Limit: 1101

Memory: 4k page, system-wide physical 16167M (2452M free)
TotalPageFile size 16167M (AvailPageFile size 69M)
current process WorkingSet (physical memory assigned to process): 932M, peak: 942M
current process commit charge ("private bytes"): 973M, peak: 980M

vm_info: Java HotSpot(TM) 64-Bit Server VM (21.0.9+7-LTS-338) for windows-amd64 JRE (21.0.9+7-LTS-338), built on 2025-09-26T06:33:49Z by "mach5run" with MS VC++ 17.6 (VS2022)

END.
